00:00 +0: loading C:/Users/tiago/Desktop/Mundo-das-Palavras/test/integration/db/hive_service_test.dart
00:00 +0: C:/Users/tiago/Desktop/Mundo-das-Palavras/test/integration/db/hive_service_test.dart: HiveService Integration Adiciona e le utilizadores
00:00 +0 -1: C:/Users/tiago/Desktop/Mundo-das-Palavras/test/integration/db/hive_service_test.dart: HiveService Integration Adiciona e le utilizadores [E]
  MissingPluginException(No implementation found for method getApplicationDocumentsDirectory on channel plugins.flutter.io/path_provider)
  package:flutter/src/services/platform_channel.dart 368:7  MethodChannel._invokeMethod
  
00:00 +0 -1: C:/Users/tiago/Desktop/Mundo-das-Palavras/test/integration/db/hive_service_test.dart: HiveService Integration Atualiza utilizador por chave
00:00 +0 -2: C:/Users/tiago/Desktop/Mundo-das-Palavras/test/integration/db/hive_service_test.dart: HiveService Integration Atualiza utilizador por chave [E]
  MissingPluginException(No implementation found for method getApplicationDocumentsDirectory on channel plugins.flutter.io/path_provider)
  package:flutter/src/services/platform_channel.dart 368:7  MethodChannel._invokeMethod
  
00:00 +0 -2: C:/Users/tiago/Desktop/Mundo-das-Palavras/test/integration/db/hive_service_test.dart: HiveService Integration Elimina utilizador
00:00 +0 -3: C:/Users/tiago/Desktop/Mundo-das-Palavras/test/integration/db/hive_service_test.dart: HiveService Integration Elimina utilizador [E]
  MissingPluginException(No implementation found for method getApplicationDocumentsDirectory on channel plugins.flutter.io/path_provider)
  package:flutter/src/services/platform_channel.dart 368:7  MethodChannel._invokeMethod
  
00:00 +0 -3: C:/Users/tiago/Desktop/Mundo-das-Palavras/test/integration/db/hive_service_test.dart: HiveService Integration Persiste e le nivel do jogo
00:00 +0 -4: C:/Users/tiago/Desktop/Mundo-das-Palavras/test/integration/db/hive_service_test.dart: HiveService Integration Persiste e le nivel do jogo [E]
  MissingPluginException(No implementation found for method getApplicationDocumentsDirectory on channel plugins.flutter.io/path_provider)
  package:flutter/src/services/platform_channel.dart 368:7  MethodChannel._invokeMethod
  
00:00 +0 -4: C:/Users/tiago/Desktop/Mundo-das-Palavras/test/integration/db/hive_service_test.dart: HiveService Integration Recupera utilizador inexistente devolve null
00:00 +0 -5: C:/Users/tiago/Desktop/Mundo-das-Palavras/test/unit/logic/all_games_test.dart: AllGames Jogo 1: Permite identificar o target como correto
00:00 +0 -5: C:/Users/tiago/Desktop/Mundo-das-Palavras/test/integration/db/hive_service_test.dart: HiveService Integration Recupera utilizador inexistente devolve null [E]
  MissingPluginException(No implementation found for method getApplicationDocumentsDirectory on channel plugins.flutter.io/path_provider)
  package:flutter/src/services/platform_channel.dart 368:7  MethodChannel._invokeMethod
  
00:00 +1 -5: C:/Users/tiago/Desktop/Mundo-das-Palavras/test/unit/logic/all_games_test.dart: AllGames Jogo 2: Permite escrever numeros e letras (maiusculas e minusculas)
00:00 +2 -5: C:/Users/tiago/Desktop/Mundo-das-Palavras/test/unit/logic/all_games_test.dart: AllGames Jogo 3: Inclui 2/3 opcoes (1/2 distratores + 1 target)
00:00 +3 -5: C:/Users/tiago/Desktop/Mundo-das-Palavras/test/unit/logic/all_games_test.dart: AllGames Jogo 4: Inclui 2/3 opcoes (1/2 distratores + 1 target)
00:00 +4 -5: C:/Users/tiago/Desktop/Mundo-das-Palavras/test/unit/logic/all_games_test.dart: AllGames Jogo 5: Permite verificar a correspondencia do som com o target
00:00 +5 -5: C:/Users/tiago/Desktop/Mundo-das-Palavras/test/unit/logic/all_games_test.dart: AllGames Jogo 6: Preenche silaba em falta na palavra target
00:00 +6 -5: C:/Users/tiago/Desktop/Mundo-das-Palavras/test/unit/logic/conquer_manager_test.dart: ConquestManager Inicia com zero conquistas e contadores limpos
00:00 +7 -5: C:/Users/tiago/Desktop/Mundo-das-Palavras/test/unit/logic/conquer_manager_test.dart: ConquestManager Regista conquista por acertos consecutivos na primeira tentativa
[38;5;12mÔöîÔöÇÔöÇÔöÇÔöÇÔöÇÔöÇÔöÇÔöÇÔöÇÔöÇÔöÇÔöÇÔöÇÔöÇÔöÇÔöÇÔöÇÔöÇÔöÇÔöÇÔöÇÔöÇÔöÇÔöÇÔöÇÔöÇÔöÇÔöÇÔöÇÔöÇÔöÇÔöÇÔöÇÔöÇÔöÇÔöÇÔöÇÔöÇÔöÇÔöÇÔöÇÔöÇÔöÇÔöÇÔöÇÔöÇÔöÇÔöÇÔöÇÔöÇÔöÇÔöÇÔöÇÔöÇÔöÇÔöÇÔöÇÔöÇÔöÇÔöÇÔöÇÔöÇÔöÇÔöÇÔöÇÔöÇÔöÇÔöÇÔöÇÔöÇÔöÇÔöÇÔöÇÔöÇÔöÇÔöÇÔöÇÔöÇÔöÇÔöÇÔöÇÔöÇÔöÇÔöÇÔöÇÔöÇÔöÇÔöÇÔöÇÔöÇÔöÇÔöÇÔöÇÔöÇÔöÇÔöÇÔöÇÔöÇÔöÇÔöÇÔöÇÔöÇÔöÇÔöÇÔöÇÔöÇÔöÇÔöÇÔöÇÔöÇÔöÇÔöÇÔöÇÔöÇÔöÇÔöÇÔöÇÔöÇÔöÇ[0m
[38;5;12mÔöé #0   ConquestManager.registerRound (file:///C:/Users/tiago/Desktop/Mundo-das-Palavras/lib/widgets/conquest_manager.dart:71:24)[0m
[38;5;12mÔöé #1   main.<anonymous closure>.<anonymous closure> (file:///C:/Users/tiago/Desktop/Mundo-das-Palavras/test/unit/logic/conquer_manager_test.dart:47:19)[0m
[38;5;12mÔö£ÔöäÔöäÔöäÔöäÔöäÔöäÔöäÔöäÔöäÔöäÔöäÔöäÔöäÔöäÔöäÔöäÔöäÔöäÔöäÔöäÔöäÔöäÔöäÔöäÔöäÔöäÔöäÔöäÔöäÔöäÔöäÔöäÔöäÔöäÔöäÔöäÔöäÔöäÔöäÔöäÔöäÔöäÔöäÔöäÔöäÔöäÔöäÔöäÔöäÔöäÔöäÔöäÔöäÔöäÔöäÔöäÔöäÔöäÔöäÔöäÔöäÔöäÔöäÔöäÔöäÔöäÔöäÔöäÔöäÔöäÔöäÔöäÔöäÔöäÔöäÔöäÔöäÔöäÔöäÔöäÔöäÔöäÔöäÔöäÔöäÔöäÔöäÔöäÔöäÔöäÔöäÔöäÔöäÔöäÔöäÔöäÔöäÔöäÔöäÔöäÔöäÔöäÔöäÔöäÔöäÔöäÔöäÔöäÔöäÔöäÔöäÔöäÔöäÔöäÔöäÔöäÔöäÔöäÔöä[0m
[38;5;12mÔöé ­ƒÆí ­ƒôè Sess├úo: 1┬¬Tentativas=1; outrasTentativas=0 | streakFirstTry=1; persistenceCount=0[0m
[38;5;12mÔööÔöÇÔöÇÔöÇÔöÇÔöÇÔöÇÔöÇÔöÇÔöÇÔöÇÔöÇÔöÇÔöÇÔöÇÔöÇÔöÇÔöÇÔöÇÔöÇÔöÇÔöÇÔöÇÔöÇÔöÇÔöÇÔöÇÔöÇÔöÇÔöÇÔöÇÔöÇÔöÇÔöÇÔöÇÔöÇÔöÇÔöÇÔöÇÔöÇÔöÇÔöÇÔöÇÔöÇÔöÇÔöÇÔöÇÔöÇÔöÇÔöÇÔöÇÔöÇÔöÇÔöÇÔöÇÔöÇÔöÇÔöÇÔöÇÔöÇÔöÇÔöÇÔöÇÔöÇÔöÇÔöÇÔöÇÔöÇÔöÇÔöÇÔöÇÔöÇÔöÇÔöÇÔöÇÔöÇÔöÇÔöÇÔöÇÔöÇÔöÇÔöÇÔöÇÔöÇÔöÇÔöÇÔöÇÔöÇÔöÇÔöÇÔöÇÔöÇÔöÇÔöÇÔöÇÔöÇÔöÇÔöÇÔöÇÔöÇÔöÇÔöÇÔöÇÔöÇÔöÇÔöÇÔöÇÔöÇÔöÇÔöÇÔöÇÔöÇÔöÇÔöÇÔöÇÔöÇÔöÇÔöÇÔöÇÔöÇ[0m
[38;5;12mÔöîÔöÇÔöÇÔöÇÔöÇÔöÇÔöÇÔöÇÔöÇÔöÇÔöÇÔöÇÔöÇÔöÇÔöÇÔöÇÔöÇÔöÇÔöÇÔöÇÔöÇÔöÇÔöÇÔöÇÔöÇÔöÇÔöÇÔöÇÔöÇÔöÇÔöÇÔöÇÔöÇÔöÇÔöÇÔöÇÔöÇÔöÇÔöÇÔöÇÔöÇÔöÇÔöÇÔöÇÔöÇÔöÇÔöÇÔöÇÔöÇÔöÇÔöÇÔöÇÔöÇÔöÇÔöÇÔöÇÔöÇÔöÇÔöÇÔöÇÔöÇÔöÇÔöÇÔöÇÔöÇÔöÇÔöÇÔöÇÔöÇÔöÇÔöÇÔöÇÔöÇÔöÇÔöÇÔöÇÔöÇÔöÇÔöÇÔöÇÔöÇÔöÇÔöÇÔöÇÔöÇÔöÇÔöÇÔöÇÔöÇÔöÇÔöÇÔöÇÔöÇÔöÇÔöÇÔöÇÔöÇÔöÇÔöÇÔöÇÔöÇÔöÇÔöÇÔöÇÔöÇÔöÇÔöÇÔöÇÔöÇÔöÇÔöÇÔöÇÔöÇÔöÇÔöÇÔöÇÔöÇÔöÇÔöÇÔöÇ[0m
[38;5;12mÔöé #0   ConquestManager.registerRound (file:///C:/Users/tiago/Desktop/Mundo-das-Palavras/lib/widgets/conquest_manager.dart:71:24)[0m
[38;5;12mÔöé #1   main.<anonymous closure>.<anonymous closure> (file:///C:/Users/tiago/Desktop/Mundo-das-Palavras/test/unit/logic/conquer_manager_test.dart:47:19)[0m
[38;5;12mÔö£ÔöäÔöäÔöäÔöäÔöäÔöäÔöäÔöäÔöäÔöäÔöäÔöäÔöäÔöäÔöäÔöäÔöäÔöäÔöäÔöäÔöäÔöäÔöäÔöäÔöäÔöäÔöäÔöäÔöäÔöäÔöäÔöäÔöäÔöäÔöäÔöäÔöäÔöäÔöäÔöäÔöäÔöäÔöäÔöäÔöäÔöäÔöäÔöäÔöäÔöäÔöäÔöäÔöäÔöäÔöäÔöäÔöäÔöäÔöäÔöäÔöäÔöäÔöäÔöäÔöäÔöäÔöäÔöäÔöäÔöäÔöäÔöäÔöäÔöäÔöäÔöäÔöäÔöäÔöäÔöäÔöäÔöäÔöäÔöäÔöäÔöäÔöäÔöäÔöäÔöäÔöäÔöäÔöäÔöäÔöäÔöäÔöäÔöäÔöäÔöäÔöäÔöäÔöäÔöäÔöäÔöäÔöäÔöäÔöäÔöäÔöäÔöäÔöäÔöäÔöäÔöäÔöäÔöäÔöä[0m
[38;5;12mÔöé ­ƒÆí ­ƒôè Sess├úo: 1┬¬Tentativas=2; outrasTentativas=0 | streakFirstTry=2; persistenceCount=0[0m
[38;5;12mÔööÔöÇÔöÇÔöÇÔöÇÔöÇÔöÇÔöÇÔöÇÔöÇÔöÇÔöÇÔöÇÔöÇÔöÇÔöÇÔöÇÔöÇÔöÇÔöÇÔöÇÔöÇÔöÇÔöÇÔöÇÔöÇÔöÇÔöÇÔöÇÔöÇÔöÇÔöÇÔöÇÔöÇÔöÇÔöÇÔöÇÔöÇÔöÇÔöÇÔöÇÔöÇÔöÇÔöÇÔöÇÔöÇÔöÇÔöÇÔöÇÔöÇÔöÇÔöÇÔöÇÔöÇÔöÇÔöÇÔöÇÔöÇÔöÇÔöÇÔöÇÔöÇÔöÇÔöÇÔöÇÔöÇÔöÇÔöÇÔöÇÔöÇÔöÇÔöÇÔöÇÔöÇÔöÇÔöÇÔöÇÔöÇÔöÇÔöÇÔöÇÔöÇÔöÇÔöÇÔöÇÔöÇÔöÇÔöÇÔöÇÔöÇÔöÇÔöÇÔöÇÔöÇÔöÇÔöÇÔöÇÔöÇÔöÇÔöÇÔöÇÔöÇÔöÇÔöÇÔöÇÔöÇÔöÇÔöÇÔöÇÔöÇÔöÇÔöÇÔöÇÔöÇÔöÇÔöÇÔöÇÔöÇÔöÇÔöÇ[0m
[38;5;12mÔöîÔöÇÔöÇÔöÇÔöÇÔöÇÔöÇÔöÇÔöÇÔöÇÔöÇÔöÇÔöÇÔöÇÔöÇÔöÇÔöÇÔöÇÔöÇÔöÇÔöÇÔöÇÔöÇÔöÇÔöÇÔöÇÔöÇÔöÇÔöÇÔöÇÔöÇÔöÇÔöÇÔöÇÔöÇÔöÇÔöÇÔöÇÔöÇÔöÇÔöÇÔöÇÔöÇÔöÇÔöÇÔöÇÔöÇÔöÇÔöÇÔöÇÔöÇÔöÇÔöÇÔöÇÔöÇÔöÇÔöÇÔöÇÔöÇÔöÇÔöÇÔöÇÔöÇÔöÇÔöÇÔöÇÔöÇÔöÇÔöÇÔöÇÔöÇÔöÇÔöÇÔöÇÔöÇÔöÇÔöÇÔöÇÔöÇÔöÇÔöÇÔöÇÔöÇÔöÇÔöÇÔöÇÔöÇÔöÇÔöÇÔöÇÔöÇÔöÇÔöÇÔöÇÔöÇÔöÇÔöÇÔöÇÔöÇÔöÇÔöÇÔöÇÔöÇÔöÇÔöÇÔöÇÔöÇÔöÇÔöÇÔöÇÔöÇÔöÇÔöÇÔöÇÔöÇÔöÇÔöÇÔöÇÔöÇÔöÇ[0m
[38;5;12mÔöé #0   ConquestManager.registerRound (file:///C:/Users/tiago/Desktop/Mundo-das-Palavras/lib/widgets/conquest_manager.dart:71:24)[0m
[38;5;12mÔöé #1   main.<anonymous closure>.<anonymous closure> (file:///C:/Users/tiago/Desktop/Mundo-das-Palavras/test/unit/logic/conquer_manager_test.dart:47:19)[0m
[38;5;12mÔö£ÔöäÔöäÔöäÔöäÔöäÔöäÔöäÔöäÔöäÔöäÔöäÔöäÔöäÔöäÔöäÔöäÔöäÔöäÔöäÔöäÔöäÔöäÔöäÔöäÔöäÔöäÔöäÔöäÔöäÔöäÔöäÔöäÔöäÔöäÔöäÔöäÔöäÔöäÔöäÔöäÔöäÔöäÔöäÔöäÔöäÔöäÔöäÔöäÔöäÔöäÔöäÔöäÔöäÔöäÔöäÔöäÔöäÔöäÔöäÔöäÔöäÔöäÔöäÔöäÔöäÔöäÔöäÔöäÔöäÔöäÔöäÔöäÔöäÔöäÔöäÔöäÔöäÔöäÔöäÔöäÔöäÔöäÔöäÔöäÔöäÔöäÔöäÔöäÔöäÔöäÔöäÔöäÔöäÔöäÔöäÔöäÔöäÔöäÔöäÔöäÔöäÔöäÔöäÔöäÔöäÔöäÔöäÔöäÔöäÔöäÔöäÔöäÔöäÔöäÔöäÔöäÔöäÔöäÔöä[0m
[38;5;12mÔöé ­ƒÆí ­ƒôè Sess├úo: 1┬¬Tentativas=3; outrasTentativas=0 | streakFirstTry=3; persistenceCount=0[0m
[38;5;12mÔööÔöÇÔöÇÔöÇÔöÇÔöÇÔöÇÔöÇÔöÇÔöÇÔöÇÔöÇÔöÇÔöÇÔöÇÔöÇÔöÇÔöÇÔöÇÔöÇÔöÇÔöÇÔöÇÔöÇÔöÇÔöÇÔöÇÔöÇÔöÇÔöÇÔöÇÔöÇÔöÇÔöÇÔöÇÔöÇÔöÇÔöÇÔöÇÔöÇÔöÇÔöÇÔöÇÔöÇÔöÇÔöÇÔöÇÔöÇÔöÇÔöÇÔöÇÔöÇÔöÇÔöÇÔöÇÔöÇÔöÇÔöÇÔöÇÔöÇÔöÇÔöÇÔöÇÔöÇÔöÇÔöÇÔöÇÔöÇÔöÇÔöÇÔöÇÔöÇÔöÇÔöÇÔöÇÔöÇÔöÇÔöÇÔöÇÔöÇÔöÇÔöÇÔöÇÔöÇÔöÇÔöÇÔöÇÔöÇÔöÇÔöÇÔöÇÔöÇÔöÇÔöÇÔöÇÔöÇÔöÇÔöÇÔöÇÔöÇÔöÇÔöÇÔöÇÔöÇÔöÇÔöÇÔöÇÔöÇÔöÇÔöÇÔöÇÔöÇÔöÇÔöÇÔöÇÔöÇÔöÇÔöÇÔöÇÔöÇ[0m
[38;5;12mÔöîÔöÇÔöÇÔöÇÔöÇÔöÇÔöÇÔöÇÔöÇÔöÇÔöÇÔöÇÔöÇÔöÇÔöÇÔöÇÔöÇÔöÇÔöÇÔöÇÔöÇÔöÇÔöÇÔöÇÔöÇÔöÇÔöÇÔöÇÔöÇÔöÇÔöÇÔöÇÔöÇÔöÇÔöÇÔöÇÔöÇÔöÇÔöÇÔöÇÔöÇÔöÇÔöÇÔöÇÔöÇÔöÇÔöÇÔöÇÔöÇÔöÇÔöÇÔöÇÔöÇÔöÇÔöÇÔöÇÔöÇÔöÇÔöÇÔöÇÔöÇÔöÇÔöÇÔöÇÔöÇÔöÇÔöÇÔöÇÔöÇÔöÇÔöÇÔöÇÔöÇÔöÇÔöÇÔöÇÔöÇÔöÇÔöÇÔöÇÔöÇÔöÇÔöÇÔöÇÔöÇÔöÇÔöÇÔöÇÔöÇÔöÇÔöÇÔöÇÔöÇÔöÇÔöÇÔöÇÔöÇÔöÇÔöÇÔöÇÔöÇÔöÇÔöÇÔöÇÔöÇÔöÇÔöÇÔöÇÔöÇÔöÇÔöÇÔöÇÔöÇÔöÇÔöÇÔöÇÔöÇÔöÇÔöÇÔöÇ[0m
[38;5;12mÔöé #0   ConquestManager.registerRound (file:///C:/Users/tiago/Desktop/Mundo-das-Palavras/lib/widgets/conquest_manager.dart:71:24)[0m
[38;5;12mÔöé #1   main.<anonymous closure>.<anonymous closure> (file:///C:/Users/tiago/Desktop/Mundo-das-Palavras/test/unit/logic/conquer_manager_test.dart:47:19)[0m
[38;5;12mÔö£ÔöäÔöäÔöäÔöäÔöäÔöäÔöäÔöäÔöäÔöäÔöäÔöäÔöäÔöäÔöäÔöäÔöäÔöäÔöäÔöäÔöäÔöäÔöäÔöäÔöäÔöäÔöäÔöäÔöäÔöäÔöäÔöäÔöäÔöäÔöäÔöäÔöäÔöäÔöäÔöäÔöäÔöäÔöäÔöäÔöäÔöäÔöäÔöäÔöäÔöäÔöäÔöäÔöäÔöäÔöäÔöäÔöäÔöäÔöäÔöäÔöäÔöäÔöäÔöäÔöäÔöäÔöäÔöäÔöäÔöäÔöäÔöäÔöäÔöäÔöäÔöäÔöäÔöäÔöäÔöäÔöäÔöäÔöäÔöäÔöäÔöäÔöäÔöäÔöäÔöäÔöäÔöäÔöäÔöäÔöäÔöäÔöäÔöäÔöäÔöäÔöäÔöäÔöäÔöäÔöäÔöäÔöäÔöäÔöäÔöäÔöäÔöäÔöäÔöäÔöäÔöäÔöäÔöäÔöä[0m
[38;5;12mÔöé ­ƒÆí ­ƒôè Sess├úo: 1┬¬Tentativas=4; outrasTentativas=0 | streakFirstTry=4; persistenceCount=0[0m
[38;5;12mÔööÔöÇÔöÇÔöÇÔöÇÔöÇÔöÇÔöÇÔöÇÔöÇÔöÇÔöÇÔöÇÔöÇÔöÇÔöÇÔöÇÔöÇÔöÇÔöÇÔöÇÔöÇÔöÇÔöÇÔöÇÔöÇÔöÇÔöÇÔöÇÔöÇÔöÇÔöÇÔöÇÔöÇÔöÇÔöÇÔöÇÔöÇÔöÇÔöÇÔöÇÔöÇÔöÇÔöÇÔöÇÔöÇÔöÇÔöÇÔöÇÔöÇÔöÇÔöÇÔöÇÔöÇÔöÇÔöÇÔöÇÔöÇÔöÇÔöÇÔöÇÔöÇÔöÇÔöÇÔöÇÔöÇÔöÇÔöÇÔöÇÔöÇÔöÇÔöÇÔöÇÔöÇÔöÇÔöÇÔöÇÔöÇÔöÇÔöÇÔöÇÔöÇÔöÇÔöÇÔöÇÔöÇÔöÇÔöÇÔöÇÔöÇÔöÇÔöÇÔöÇÔöÇÔöÇÔöÇÔöÇÔöÇÔöÇÔöÇÔöÇÔöÇÔöÇÔöÇÔöÇÔöÇÔöÇÔöÇÔöÇÔöÇÔöÇÔöÇÔöÇÔöÇÔöÇÔöÇÔöÇÔöÇÔöÇÔöÇ[0m
[38;5;12mÔöîÔöÇÔöÇÔöÇÔöÇÔöÇÔöÇÔöÇÔöÇÔöÇÔöÇÔöÇÔöÇÔöÇÔöÇÔöÇÔöÇÔöÇÔöÇÔöÇÔöÇÔöÇÔöÇÔöÇÔöÇÔöÇÔöÇÔöÇÔöÇÔöÇÔöÇÔöÇÔöÇÔöÇÔöÇÔöÇÔöÇÔöÇÔöÇÔöÇÔöÇÔöÇÔöÇÔöÇÔöÇÔöÇÔöÇÔöÇÔöÇÔöÇÔöÇÔöÇÔöÇÔöÇÔöÇÔöÇÔöÇÔöÇÔöÇÔöÇÔöÇÔöÇÔöÇÔöÇÔöÇÔöÇÔöÇÔöÇÔöÇÔöÇÔöÇÔöÇÔöÇÔöÇÔöÇÔöÇÔöÇÔöÇÔöÇÔöÇÔöÇÔöÇÔöÇÔöÇÔöÇÔöÇÔöÇÔöÇÔöÇÔöÇÔöÇÔöÇÔöÇÔöÇÔöÇÔöÇÔöÇÔöÇÔöÇÔöÇÔöÇÔöÇÔöÇÔöÇÔöÇÔöÇÔöÇÔöÇÔöÇÔöÇÔöÇÔöÇÔöÇÔöÇÔöÇÔöÇÔöÇÔöÇÔöÇÔöÇ[0m
[38;5;12mÔöé #0   ConquestManager.registerRound (file:///C:/Users/tiago/Desktop/Mundo-das-Palavras/lib/widgets/conquest_manager.dart:71:24)[0m
[38;5;12mÔöé #1   main.<anonymous closure>.<anonymous closure> (file:///C:/Users/tiago/Desktop/Mundo-das-Palavras/test/unit/logic/conquer_manager_test.dart:47:19)[0m
[38;5;12mÔö£ÔöäÔöäÔöäÔöäÔöäÔöäÔöäÔöäÔöäÔöäÔöäÔöäÔöäÔöäÔöäÔöäÔöäÔöäÔöäÔöäÔöäÔöäÔöäÔöäÔöäÔöäÔöäÔöäÔöäÔöäÔöäÔöäÔöäÔöäÔöäÔöäÔöäÔöäÔöäÔöäÔöäÔöäÔöäÔöäÔöäÔöäÔöäÔöäÔöäÔöäÔöäÔöäÔöäÔöäÔöäÔöäÔöäÔöäÔöäÔöäÔöäÔöäÔöäÔöäÔöäÔöäÔöäÔöäÔöäÔöäÔöäÔöäÔöäÔöäÔöäÔöäÔöäÔöäÔöäÔöäÔöäÔöäÔöäÔöäÔöäÔöäÔöäÔöäÔöäÔöäÔöäÔöäÔöäÔöäÔöäÔöäÔöäÔöäÔöäÔöäÔöäÔöäÔöäÔöäÔöäÔöäÔöäÔöäÔöäÔöäÔöäÔöäÔöäÔöäÔöäÔöäÔöäÔöäÔöä[0m
[38;5;12mÔöé ­ƒÆí ­ƒôè Sess├úo: 1┬¬Tentativas=5; outrasTentativas=0 | streakFirstTry=5; persistenceCount=0[0m
[38;5;12mÔööÔöÇÔöÇÔöÇÔöÇÔöÇÔöÇÔöÇÔöÇÔöÇÔöÇÔöÇÔöÇÔöÇÔöÇÔöÇÔöÇÔöÇÔöÇÔöÇÔöÇÔöÇÔöÇÔöÇÔöÇÔöÇÔöÇÔöÇÔöÇÔöÇÔöÇÔöÇÔöÇÔöÇÔöÇÔöÇÔöÇÔöÇÔöÇÔöÇÔöÇÔöÇÔöÇÔöÇÔöÇÔöÇÔöÇÔöÇÔöÇÔöÇÔöÇÔöÇÔöÇÔöÇÔöÇÔöÇÔöÇÔöÇÔöÇÔöÇÔöÇÔöÇÔöÇÔöÇÔöÇÔöÇÔöÇÔöÇÔöÇÔöÇÔöÇÔöÇÔöÇÔöÇÔöÇÔöÇÔöÇÔöÇÔöÇÔöÇÔöÇÔöÇÔöÇÔöÇÔöÇÔöÇÔöÇÔöÇÔöÇÔöÇÔöÇÔöÇÔöÇÔöÇÔöÇÔöÇÔöÇÔöÇÔöÇÔöÇÔöÇÔöÇÔöÇÔöÇÔöÇÔöÇÔöÇÔöÇÔöÇÔöÇÔöÇÔöÇÔöÇÔöÇÔöÇÔöÇÔöÇÔöÇÔöÇÔöÇ[0m
[38;5;12mÔöîÔöÇÔöÇÔöÇÔöÇÔöÇÔöÇÔöÇÔöÇÔöÇÔöÇÔöÇÔöÇÔöÇÔöÇÔöÇÔöÇÔöÇÔöÇÔöÇÔöÇÔöÇÔöÇÔöÇÔöÇÔöÇÔöÇÔöÇÔöÇÔöÇÔöÇÔöÇÔöÇÔöÇÔöÇÔöÇÔöÇÔöÇÔöÇÔöÇÔöÇÔöÇÔöÇÔöÇÔöÇÔöÇÔöÇÔöÇÔöÇÔöÇÔöÇÔöÇÔöÇÔöÇÔöÇÔöÇÔöÇÔöÇÔöÇÔöÇÔöÇÔöÇÔöÇÔöÇÔöÇÔöÇÔöÇÔöÇÔöÇÔöÇÔöÇÔöÇÔöÇÔöÇÔöÇÔöÇÔöÇÔöÇÔöÇÔöÇÔöÇÔöÇÔöÇÔöÇÔöÇÔöÇÔöÇÔöÇÔöÇÔöÇÔöÇÔöÇÔöÇÔöÇÔöÇÔöÇÔöÇÔöÇÔöÇÔöÇÔöÇÔöÇÔöÇÔöÇÔöÇÔöÇÔöÇÔöÇÔöÇÔöÇÔöÇÔöÇÔöÇÔöÇÔöÇÔöÇÔöÇÔöÇÔöÇÔöÇ[0m
[38;5;12mÔöé #0   ConquestManager.registerRound (file:///C:/Users/tiago/Desktop/Mundo-das-Palavras/lib/widgets/conquest_manager.dart:71:24)[0m
[38;5;12mÔöé #1   main.<anonymous closure>.<anonymous closure> (file:///C:/Users/tiago/Desktop/Mundo-das-Palavras/test/unit/logic/conquer_manager_test.dart:47:19)[0m
[38;5;12mÔö£ÔöäÔöäÔöäÔöäÔöäÔöäÔöäÔöäÔöäÔöäÔöäÔöäÔöäÔöäÔöäÔöäÔöäÔöäÔöäÔöäÔöäÔöäÔöäÔöäÔöäÔöäÔöäÔöäÔöäÔöäÔöäÔöäÔöäÔöäÔöäÔöäÔöäÔöäÔöäÔöäÔöäÔöäÔöäÔöäÔöäÔöäÔöäÔöäÔöäÔöäÔöäÔöäÔöäÔöäÔöäÔöäÔöäÔöäÔöäÔöäÔöäÔöäÔöäÔöäÔöäÔöäÔöäÔöäÔöäÔöäÔöäÔöäÔöäÔöäÔöäÔöäÔöäÔöäÔöäÔöäÔöäÔöäÔöäÔöäÔöäÔöäÔöäÔöäÔöäÔöäÔöäÔöäÔöäÔöäÔöäÔöäÔöäÔöäÔöäÔöäÔöäÔöäÔöäÔöäÔöäÔöäÔöäÔöäÔöäÔöäÔöäÔöäÔöäÔöäÔöäÔöäÔöäÔöäÔöä[0m
[38;5;12mÔöé ­ƒÆí ­ƒôè Sess├úo: 1┬¬Tentativas=6; outrasTentativas=0 | streakFirstTry=6; persistenceCount=0[0m
[38;5;12mÔööÔöÇÔöÇÔöÇÔöÇÔöÇÔöÇÔöÇÔöÇÔöÇÔöÇÔöÇÔöÇÔöÇÔöÇÔöÇÔöÇÔöÇÔöÇÔöÇÔöÇÔöÇÔöÇÔöÇÔöÇÔöÇÔöÇÔöÇÔöÇÔöÇÔöÇÔöÇÔöÇÔöÇÔöÇÔöÇÔöÇÔöÇÔöÇÔöÇÔöÇÔöÇÔöÇÔöÇÔöÇÔöÇÔöÇÔöÇÔöÇÔöÇÔöÇÔöÇÔöÇÔöÇÔöÇÔöÇÔöÇÔöÇÔöÇÔöÇÔöÇÔöÇÔöÇÔöÇÔöÇÔöÇÔöÇÔöÇÔöÇÔöÇÔöÇÔöÇÔöÇÔöÇÔöÇÔöÇÔöÇÔöÇÔöÇÔöÇÔöÇÔöÇÔöÇÔöÇÔöÇÔöÇÔöÇÔöÇÔöÇÔöÇÔöÇÔöÇÔöÇÔöÇÔöÇÔöÇÔöÇÔöÇÔöÇÔöÇÔöÇÔöÇÔöÇÔöÇÔöÇÔöÇÔöÇÔöÇÔöÇÔöÇÔöÇÔöÇÔöÇÔöÇÔöÇÔöÇÔöÇÔöÇÔöÇÔöÇ[0m
[38;5;12mÔöîÔöÇÔöÇÔöÇÔöÇÔöÇÔöÇÔöÇÔöÇÔöÇÔöÇÔöÇÔöÇÔöÇÔöÇÔöÇÔöÇÔöÇÔöÇÔöÇÔöÇÔöÇÔöÇÔöÇÔöÇÔöÇÔöÇÔöÇÔöÇÔöÇÔöÇÔöÇÔöÇÔöÇÔöÇÔöÇÔöÇÔöÇÔöÇÔöÇÔöÇÔöÇÔöÇÔöÇÔöÇÔöÇÔöÇÔöÇÔöÇÔöÇÔöÇÔöÇÔöÇÔöÇÔöÇÔöÇÔöÇÔöÇÔöÇÔöÇÔöÇÔöÇÔöÇÔöÇÔöÇÔöÇÔöÇÔöÇÔöÇÔöÇÔöÇÔöÇÔöÇÔöÇÔöÇÔöÇÔöÇÔöÇÔöÇÔöÇÔöÇÔöÇÔöÇÔöÇÔöÇÔöÇÔöÇÔöÇÔöÇÔöÇÔöÇÔöÇÔöÇÔöÇÔöÇÔöÇÔöÇÔöÇÔöÇÔöÇÔöÇÔöÇÔöÇÔöÇÔöÇÔöÇÔöÇÔöÇÔöÇÔöÇÔöÇÔöÇÔöÇÔöÇÔöÇÔöÇÔöÇÔöÇÔöÇÔöÇ[0m
[38;5;12mÔöé #0   ConquestManager.registerRound (file:///C:/Users/tiago/Desktop/Mundo-das-Palavras/lib/widgets/conquest_manager.dart:71:24)[0m
[38;5;12mÔöé #1   main.<anonymous closure>.<anonymous closure> (file:///C:/Users/tiago/Desktop/Mundo-das-Palavras/test/unit/logic/conquer_manager_test.dart:47:19)[0m
[38;5;12mÔö£ÔöäÔöäÔöäÔöäÔöäÔöäÔöäÔöäÔöäÔöäÔöäÔöäÔöäÔöäÔöäÔöäÔöäÔöäÔöäÔöäÔöäÔöäÔöäÔöäÔöäÔöäÔöäÔöäÔöäÔöäÔöäÔöäÔöäÔöäÔöäÔöäÔöäÔöäÔöäÔöäÔöäÔöäÔöäÔöäÔöäÔöäÔöäÔöäÔöäÔöäÔöäÔöäÔöäÔöäÔöäÔöäÔöäÔöäÔöäÔöäÔöäÔöäÔöäÔöäÔöäÔöäÔöäÔöäÔöäÔöäÔöäÔöäÔöäÔöäÔöäÔöäÔöäÔöäÔöäÔöäÔöäÔöäÔöäÔöäÔöäÔöäÔöäÔöäÔöäÔöäÔöäÔöäÔöäÔöäÔöäÔöäÔöäÔöäÔöäÔöäÔöäÔöäÔöäÔöäÔöäÔöäÔöäÔöäÔöäÔöäÔöäÔöäÔöäÔöäÔöäÔöäÔöäÔöäÔöä[0m
[38;5;12mÔöé ­ƒÆí ­ƒôè Sess├úo: 1┬¬Tentativas=7; outrasTentativas=0 | streakFirstTry=7; persistenceCount=0[0m
[38;5;12mÔööÔöÇÔöÇÔöÇÔöÇÔöÇÔöÇÔöÇÔöÇÔöÇÔöÇÔöÇÔöÇÔöÇÔöÇÔöÇÔöÇÔöÇÔöÇÔöÇÔöÇÔöÇÔöÇÔöÇÔöÇÔöÇÔöÇÔöÇÔöÇÔöÇÔöÇÔöÇÔöÇÔöÇÔöÇÔöÇÔöÇÔöÇÔöÇÔöÇÔöÇÔöÇÔöÇÔöÇÔöÇÔöÇÔöÇÔöÇÔöÇÔöÇÔöÇÔöÇÔöÇÔöÇÔöÇÔöÇÔöÇÔöÇÔöÇÔöÇÔöÇÔöÇÔöÇÔöÇÔöÇÔöÇÔöÇÔöÇÔöÇÔöÇÔöÇÔöÇÔöÇÔöÇÔöÇÔöÇÔöÇÔöÇÔöÇÔöÇÔöÇÔöÇÔöÇÔöÇÔöÇÔöÇÔöÇÔöÇÔöÇÔöÇÔöÇÔöÇÔöÇÔöÇÔöÇÔöÇÔöÇÔöÇÔöÇÔöÇÔöÇÔöÇÔöÇÔöÇÔöÇÔöÇÔöÇÔöÇÔöÇÔöÇÔöÇÔöÇÔöÇÔöÇÔöÇÔöÇÔöÇÔöÇÔöÇÔöÇ[0m
[38;5;12mÔöîÔöÇÔöÇÔöÇÔöÇÔöÇÔöÇÔöÇÔöÇÔöÇÔöÇÔöÇÔöÇÔöÇÔöÇÔöÇÔöÇÔöÇÔöÇÔöÇÔöÇÔöÇÔöÇÔöÇÔöÇÔöÇÔöÇÔöÇÔöÇÔöÇÔöÇÔöÇÔöÇÔöÇÔöÇÔöÇÔöÇÔöÇÔöÇÔöÇÔöÇÔöÇÔöÇÔöÇÔöÇÔöÇÔöÇÔöÇÔöÇÔöÇÔöÇÔöÇÔöÇÔöÇÔöÇÔöÇÔöÇÔöÇÔöÇÔöÇÔöÇÔöÇÔöÇÔöÇÔöÇÔöÇÔöÇÔöÇÔöÇÔöÇÔöÇÔöÇÔöÇÔöÇÔöÇÔöÇÔöÇÔöÇÔöÇÔöÇÔöÇÔöÇÔöÇÔöÇÔöÇÔöÇÔöÇÔöÇÔöÇÔöÇÔöÇÔöÇÔöÇÔöÇÔöÇÔöÇÔöÇÔöÇÔöÇÔöÇÔöÇÔöÇÔöÇÔöÇÔöÇÔöÇÔöÇÔöÇÔöÇÔöÇÔöÇÔöÇÔöÇÔöÇÔöÇÔöÇÔöÇÔöÇÔöÇÔöÇ[0m
[38;5;12mÔöé #0   ConquestManager.registerRound (file:///C:/Users/tiago/Desktop/Mundo-das-Palavras/lib/widgets/conquest_manager.dart:71:24)[0m
[38;5;12mÔöé #1   main.<anonymous closure>.<anonymous closure> (file:///C:/Users/tiago/Desktop/Mundo-das-Palavras/test/unit/logic/conquer_manager_test.dart:47:19)[0m
[38;5;12mÔö£ÔöäÔöäÔöäÔöäÔöäÔöäÔöäÔöäÔöäÔöäÔöäÔöäÔöäÔöäÔöäÔöäÔöäÔöäÔöäÔöäÔöäÔöäÔöäÔöäÔöäÔöäÔöäÔöäÔöäÔöäÔöäÔöäÔöäÔöäÔöäÔöäÔöäÔöäÔöäÔöäÔöäÔöäÔöäÔöäÔöäÔöäÔöäÔöäÔöäÔöäÔöäÔöäÔöäÔöäÔöäÔöäÔöäÔöäÔöäÔöäÔöäÔöäÔöäÔöäÔöäÔöäÔöäÔöäÔöäÔöäÔöäÔöäÔöäÔöäÔöäÔöäÔöäÔöäÔöäÔöäÔöäÔöäÔöäÔöäÔöäÔöäÔöäÔöäÔöäÔöäÔöäÔöäÔöäÔöäÔöäÔöäÔöäÔöäÔöäÔöäÔöäÔöäÔöäÔöäÔöäÔöäÔöäÔöäÔöäÔöäÔöäÔöäÔöäÔöäÔöäÔöäÔöäÔöäÔöä[0m
[38;5;12mÔöé ­ƒÆí ­ƒôè Sess├úo: 1┬¬Tentativas=8; outrasTentativas=0 | streakFirstTry=8; persistenceCount=0[0m
[38;5;12mÔööÔöÇÔöÇÔöÇÔöÇÔöÇÔöÇÔöÇÔöÇÔöÇÔöÇÔöÇÔöÇÔöÇÔöÇÔöÇÔöÇÔöÇÔöÇÔöÇÔöÇÔöÇÔöÇÔöÇÔöÇÔöÇÔöÇÔöÇÔöÇÔöÇÔöÇÔöÇÔöÇÔöÇÔöÇÔöÇÔöÇÔöÇÔöÇÔöÇÔöÇÔöÇÔöÇÔöÇÔöÇÔöÇÔöÇÔöÇÔöÇÔöÇÔöÇÔöÇÔöÇÔöÇÔöÇÔöÇÔöÇÔöÇÔöÇÔöÇÔöÇÔöÇÔöÇÔöÇÔöÇÔöÇÔöÇÔöÇÔöÇÔöÇÔöÇÔöÇÔöÇÔöÇÔöÇÔöÇÔöÇÔöÇÔöÇÔöÇÔöÇÔöÇÔöÇÔöÇÔöÇÔöÇÔöÇÔöÇÔöÇÔöÇÔöÇÔöÇÔöÇÔöÇÔöÇÔöÇÔöÇÔöÇÔöÇÔöÇÔöÇÔöÇÔöÇÔöÇÔöÇÔöÇÔöÇÔöÇÔöÇÔöÇÔöÇÔöÇÔöÇÔöÇÔöÇÔöÇÔöÇÔöÇÔöÇÔöÇ[0m
[38;5;12mÔöîÔöÇÔöÇÔöÇÔöÇÔöÇÔöÇÔöÇÔöÇÔöÇÔöÇÔöÇÔöÇÔöÇÔöÇÔöÇÔöÇÔöÇÔöÇÔöÇÔöÇÔöÇÔöÇÔöÇÔöÇÔöÇÔöÇÔöÇÔöÇÔöÇÔöÇÔöÇÔöÇÔöÇÔöÇÔöÇÔöÇÔöÇÔöÇÔöÇÔöÇÔöÇÔöÇÔöÇÔöÇÔöÇÔöÇÔöÇÔöÇÔöÇÔöÇÔöÇÔöÇÔöÇÔöÇÔöÇÔöÇÔöÇÔöÇÔöÇÔöÇÔöÇÔöÇÔöÇÔöÇÔöÇÔöÇÔöÇÔöÇÔöÇÔöÇÔöÇÔöÇÔöÇÔöÇÔöÇÔöÇÔöÇÔöÇÔöÇÔöÇÔöÇÔöÇÔöÇÔöÇÔöÇÔöÇÔöÇÔöÇÔöÇÔöÇÔöÇÔöÇÔöÇÔöÇÔöÇÔöÇÔöÇÔöÇÔöÇÔöÇÔöÇÔöÇÔöÇÔöÇÔöÇÔöÇÔöÇÔöÇÔöÇÔöÇÔöÇÔöÇÔöÇÔöÇÔöÇÔöÇÔöÇÔöÇÔöÇ[0m
[38;5;12mÔöé #0   ConquestManager.registerRound (file:///C:/Users/tiago/Desktop/Mundo-das-Palavras/lib/widgets/conquest_manager.dart:71:24)[0m
[38;5;12mÔöé #1   main.<anonymous closure>.<anonymous closure> (file:///C:/Users/tiago/Desktop/Mundo-das-Palavras/test/unit/logic/conquer_manager_test.dart:47:19)[0m
[38;5;12mÔö£ÔöäÔöäÔöäÔöäÔöäÔöäÔöäÔöäÔöäÔöäÔöäÔöäÔöäÔöäÔöäÔöäÔöäÔöäÔöäÔöäÔöäÔöäÔöäÔöäÔöäÔöäÔöäÔöäÔöäÔöäÔöäÔöäÔöäÔöäÔöäÔöäÔöäÔöäÔöäÔöäÔöäÔöäÔöäÔöäÔöäÔöäÔöäÔöäÔöäÔöäÔöäÔöäÔöäÔöäÔöäÔöäÔöäÔöäÔöäÔöäÔöäÔöäÔöäÔöäÔöäÔöäÔöäÔöäÔöäÔöäÔöäÔöäÔöäÔöäÔöäÔöäÔöäÔöäÔöäÔöäÔöäÔöäÔöäÔöäÔöäÔöäÔöäÔöäÔöäÔöäÔöäÔöäÔöäÔöäÔöäÔöäÔöäÔöäÔöäÔöäÔöäÔöäÔöäÔöäÔöäÔöäÔöäÔöäÔöäÔöäÔöäÔöäÔöäÔöäÔöäÔöäÔöäÔöäÔöä[0m
[38;5;12mÔöé ­ƒÆí ­ƒôè Sess├úo: 1┬¬Tentativas=9; outrasTentativas=0 | streakFirstTry=9; persistenceCount=0[0m
[38;5;12mÔööÔöÇÔöÇÔöÇÔöÇÔöÇÔöÇÔöÇÔöÇÔöÇÔöÇÔöÇÔöÇÔöÇÔöÇÔöÇÔöÇÔöÇÔöÇÔöÇÔöÇÔöÇÔöÇÔöÇÔöÇÔöÇÔöÇÔöÇÔöÇÔöÇÔöÇÔöÇÔöÇÔöÇÔöÇÔöÇÔöÇÔöÇÔöÇÔöÇÔöÇÔöÇÔöÇÔöÇÔöÇÔöÇÔöÇÔöÇÔöÇÔöÇÔöÇÔöÇÔöÇÔöÇÔöÇÔöÇÔöÇÔöÇÔöÇÔöÇÔöÇÔöÇÔöÇÔöÇÔöÇÔöÇÔöÇÔöÇÔöÇÔöÇÔöÇÔöÇÔöÇÔöÇÔöÇÔöÇÔöÇÔöÇÔöÇÔöÇÔöÇÔöÇÔöÇÔöÇÔöÇÔöÇÔöÇÔöÇÔöÇÔöÇÔöÇÔöÇÔöÇÔöÇÔöÇÔöÇÔöÇÔöÇÔöÇÔöÇÔöÇÔöÇÔöÇÔöÇÔöÇÔöÇÔöÇÔöÇÔöÇÔöÇÔöÇÔöÇÔöÇÔöÇÔöÇÔöÇÔöÇÔöÇÔöÇÔöÇ[0m
[38;5;12mÔöîÔöÇÔöÇÔöÇÔöÇÔöÇÔöÇÔöÇÔöÇÔöÇÔöÇÔöÇÔöÇÔöÇÔöÇÔöÇÔöÇÔöÇÔöÇÔöÇÔöÇÔöÇÔöÇÔöÇÔöÇÔöÇÔöÇÔöÇÔöÇÔöÇÔöÇÔöÇÔöÇÔöÇÔöÇÔöÇÔöÇÔöÇÔöÇÔöÇÔöÇÔöÇÔöÇÔöÇÔöÇÔöÇÔöÇÔöÇÔöÇÔöÇÔöÇÔöÇÔöÇÔöÇÔöÇÔöÇÔöÇÔöÇÔöÇÔöÇÔöÇÔöÇÔöÇÔöÇÔöÇÔöÇÔöÇÔöÇÔöÇÔöÇÔöÇÔöÇÔöÇÔöÇÔöÇÔöÇÔöÇÔöÇÔöÇÔöÇÔöÇÔöÇÔöÇÔöÇÔöÇÔöÇÔöÇÔöÇÔöÇÔöÇÔöÇÔöÇÔöÇÔöÇÔöÇÔöÇÔöÇÔöÇÔöÇÔöÇÔöÇÔöÇÔöÇÔöÇÔöÇÔöÇÔöÇÔöÇÔöÇÔöÇÔöÇÔöÇÔöÇÔöÇÔöÇÔöÇÔöÇÔöÇÔöÇÔöÇ[0m
[38;5;12mÔöé #0   UserModel.incrementConquest (file:///C:/Users/tiago/Desktop/Mundo-das-Palavras/lib/models/user_model.dart:117:12)[0m
[38;5;12mÔöé #1   ConquestManager.registerRound (file:///C:/Users/tiago/Desktop/Mundo-das-Palavras/lib/widgets/conquest_manager.dart:68:12)[0m
[38;5;12mÔö£ÔöäÔöäÔöäÔöäÔöäÔöäÔöäÔöäÔöäÔöäÔöäÔöäÔöäÔöäÔöäÔöäÔöäÔöäÔöäÔöäÔöäÔöäÔöäÔöäÔöäÔöäÔöäÔöäÔöäÔöäÔöäÔöäÔöäÔöäÔöäÔöäÔöäÔöäÔöäÔöäÔöäÔöäÔöäÔöäÔöäÔöäÔöäÔöäÔöäÔöäÔöäÔöäÔöäÔöäÔöäÔöäÔöäÔöäÔöäÔöäÔöäÔöäÔöäÔöäÔöäÔöäÔöäÔöäÔöäÔöäÔöäÔöäÔöäÔöäÔöäÔöäÔöäÔöäÔöäÔöäÔöäÔöäÔöäÔöäÔöäÔöäÔöäÔöäÔöäÔöäÔöäÔöäÔöäÔöäÔöäÔöäÔöäÔöäÔöäÔöäÔöäÔöäÔöäÔöäÔöäÔöäÔöäÔöäÔöäÔöäÔöäÔöäÔöäÔöäÔöäÔöäÔöäÔöäÔöä[0m
[38;5;12mÔöé ­ƒÆí Incrementing conquest. Current value: 0[0m
[38;5;12mÔööÔöÇÔöÇÔöÇÔöÇÔöÇÔöÇÔöÇÔöÇÔöÇÔöÇÔöÇÔöÇÔöÇÔöÇÔöÇÔöÇÔöÇÔöÇÔöÇÔöÇÔöÇÔöÇÔöÇÔöÇÔöÇÔöÇÔöÇÔöÇÔöÇÔöÇÔöÇÔöÇÔöÇÔöÇÔöÇÔöÇÔöÇÔöÇÔöÇÔöÇÔöÇÔöÇÔöÇÔöÇÔöÇÔöÇÔöÇÔöÇÔöÇÔöÇÔöÇÔöÇÔöÇÔöÇÔöÇÔöÇÔöÇÔöÇÔöÇÔöÇÔöÇÔöÇÔöÇÔöÇÔöÇÔöÇÔöÇÔöÇÔöÇÔöÇÔöÇÔöÇÔöÇÔöÇÔöÇÔöÇÔöÇÔöÇÔöÇÔöÇÔöÇÔöÇÔöÇÔöÇÔöÇÔöÇÔöÇÔöÇÔöÇÔöÇÔöÇÔöÇÔöÇÔöÇÔöÇÔöÇÔöÇÔöÇÔöÇÔöÇÔöÇÔöÇÔöÇÔöÇÔöÇÔöÇÔöÇÔöÇÔöÇÔöÇÔöÇÔöÇÔöÇÔöÇÔöÇÔöÇÔöÇÔöÇÔöÇ[0m
[38;5;12mÔöîÔöÇÔöÇÔöÇÔöÇÔöÇÔöÇÔöÇÔöÇÔöÇÔöÇÔöÇÔöÇÔöÇÔöÇÔöÇÔöÇÔöÇÔöÇÔöÇÔöÇÔöÇÔöÇÔöÇÔöÇÔöÇÔöÇÔöÇÔöÇÔöÇÔöÇÔöÇÔöÇÔöÇÔöÇÔöÇÔöÇÔöÇÔöÇÔöÇÔöÇÔöÇÔöÇÔöÇÔöÇÔöÇÔöÇÔöÇÔöÇÔöÇÔöÇÔöÇÔöÇÔöÇÔöÇÔöÇÔöÇÔöÇÔöÇÔöÇÔöÇÔöÇÔöÇÔöÇÔöÇÔöÇÔöÇÔöÇÔöÇÔöÇÔöÇÔöÇÔöÇÔöÇÔöÇÔöÇÔöÇÔöÇÔöÇÔöÇÔöÇÔöÇÔöÇÔöÇÔöÇÔöÇÔöÇÔöÇÔöÇÔöÇÔöÇÔöÇÔöÇÔöÇÔöÇÔöÇÔöÇÔöÇÔöÇÔöÇÔöÇÔöÇÔöÇÔöÇÔöÇÔöÇÔöÇÔöÇÔöÇÔöÇÔöÇÔöÇÔöÇÔöÇÔöÇÔöÇÔöÇÔöÇÔöÇÔöÇ[0m
[38;5;12mÔöé #0   UserModel.incrementConquest (file:///C:/Users/tiago/Desktop/Mundo-das-Palavras/lib/models/user_model.dart:119:12)[0m
[38;5;12mÔöé #1   ConquestManager.registerRound (file:///C:/Users/tiago/Desktop/Mundo-das-Palavras/lib/widgets/conquest_manager.dart:68:12)[0m
[38;5;12mÔö£ÔöäÔöäÔöäÔöäÔöäÔöäÔöäÔöäÔöäÔöäÔöäÔöäÔöäÔöäÔöäÔöäÔöäÔöäÔöäÔöäÔöäÔöäÔöäÔöäÔöäÔöäÔöäÔöäÔöäÔöäÔöäÔöäÔöäÔöäÔöäÔöäÔöäÔöäÔöäÔöäÔöäÔöäÔöäÔöäÔöäÔöäÔöäÔöäÔöäÔöäÔöäÔöäÔöäÔöäÔöäÔöäÔöäÔöäÔöäÔöäÔöäÔöäÔöäÔöäÔöäÔöäÔöäÔöäÔöäÔöäÔöäÔöäÔöäÔöäÔöäÔöäÔöäÔöäÔöäÔöäÔöäÔöäÔöäÔöäÔöäÔöäÔöäÔöäÔöäÔöäÔöäÔöäÔöäÔöäÔöäÔöäÔöäÔöäÔöäÔöäÔöäÔöäÔöäÔöäÔöäÔöäÔöäÔöäÔöäÔöäÔöäÔöäÔöäÔöäÔöäÔöäÔöäÔöäÔöä[0m
[38;5;12mÔöé ­ƒÆí New conquest value: 1[0m
[38;5;12mÔööÔöÇÔöÇÔöÇÔöÇÔöÇÔöÇÔöÇÔöÇÔöÇÔöÇÔöÇÔöÇÔöÇÔöÇÔöÇÔöÇÔöÇÔöÇÔöÇÔöÇÔöÇÔöÇÔöÇÔöÇÔöÇÔöÇÔöÇÔöÇÔöÇÔöÇÔöÇÔöÇÔöÇÔöÇÔöÇÔöÇÔöÇÔöÇÔöÇÔöÇÔöÇÔöÇÔöÇÔöÇÔöÇÔöÇÔöÇÔöÇÔöÇÔöÇÔöÇÔöÇÔöÇÔöÇÔöÇÔöÇÔöÇÔöÇÔöÇÔöÇÔöÇÔöÇÔöÇÔöÇÔöÇÔöÇÔöÇÔöÇÔöÇÔöÇÔöÇÔöÇÔöÇÔöÇÔöÇÔöÇÔöÇÔöÇÔöÇÔöÇÔöÇÔöÇÔöÇÔöÇÔöÇÔöÇÔöÇÔöÇÔöÇÔöÇÔöÇÔöÇÔöÇÔöÇÔöÇÔöÇÔöÇÔöÇÔöÇÔöÇÔöÇÔöÇÔöÇÔöÇÔöÇÔöÇÔöÇÔöÇÔöÇÔöÇÔöÇÔöÇÔöÇÔöÇÔöÇÔöÇÔöÇÔöÇÔöÇ[0m
[38;5;12mÔöîÔöÇÔöÇÔöÇÔöÇÔöÇÔöÇÔöÇÔöÇÔöÇÔöÇÔöÇÔöÇÔöÇÔöÇÔöÇÔöÇÔöÇÔöÇÔöÇÔöÇÔöÇÔöÇÔöÇÔöÇÔöÇÔöÇÔöÇÔöÇÔöÇÔöÇÔöÇÔöÇÔöÇÔöÇÔöÇÔöÇÔöÇÔöÇÔöÇÔöÇÔöÇÔöÇÔöÇÔöÇÔöÇÔöÇÔöÇÔöÇÔöÇÔöÇÔöÇÔöÇÔöÇÔöÇÔöÇÔöÇÔöÇÔöÇÔöÇÔöÇÔöÇÔöÇÔöÇÔöÇÔöÇÔöÇÔöÇÔöÇÔöÇÔöÇÔöÇÔöÇÔöÇÔöÇÔöÇÔöÇÔöÇÔöÇÔöÇÔöÇÔöÇÔöÇÔöÇÔöÇÔöÇÔöÇÔöÇÔöÇÔöÇÔöÇÔöÇÔöÇÔöÇÔöÇÔöÇÔöÇÔöÇÔöÇÔöÇÔöÇÔöÇÔöÇÔöÇÔöÇÔöÇÔöÇÔöÇÔöÇÔöÇÔöÇÔöÇÔöÇÔöÇÔöÇÔöÇÔöÇÔöÇÔöÇÔöÇ[0m
[38;5;12mÔöé #0   ConquestManager.registerRound (file:///C:/Users/tiago/Desktop/Mundo-das-Palavras/lib/widgets/conquest_manager.dart:71:24)[0m
[38;5;12mÔöé #1   main.<anonymous closure>.<anonymous closure> (file:///C:/Users/tiago/Desktop/Mundo-das-Palavras/test/unit/logic/conquer_manager_test.dart:47:19)[0m
[38;5;12mÔö£ÔöäÔöäÔöäÔöäÔöäÔöäÔöäÔöäÔöäÔöäÔöäÔöäÔöäÔöäÔöäÔöäÔöäÔöäÔöäÔöäÔöäÔöäÔöäÔöäÔöäÔöäÔöäÔöäÔöäÔöäÔöäÔöäÔöäÔöäÔöäÔöäÔöäÔöäÔöäÔöäÔöäÔöäÔöäÔöäÔöäÔöäÔöäÔöäÔöäÔöäÔöäÔöäÔöäÔöäÔöäÔöäÔöäÔöäÔöäÔöäÔöäÔöäÔöäÔöäÔöäÔöäÔöäÔöäÔöäÔöäÔöäÔöäÔöäÔöäÔöäÔöäÔöäÔöäÔöäÔöäÔöäÔöäÔöäÔöäÔöäÔöäÔöäÔöäÔöäÔöäÔöäÔöäÔöäÔöäÔöäÔöäÔöäÔöäÔöäÔöäÔöäÔöäÔöäÔöäÔöäÔöäÔöäÔöäÔöäÔöäÔöäÔöäÔöäÔöäÔöäÔöäÔöäÔöäÔöä[0m
[38;5;12mÔöé ­ƒÆí ­ƒôè Sess├úo: 1┬¬Tentativas=10; outrasTentativas=0 | streakFirstTry=0; persistenceCount=0[0m
[38;5;12mÔööÔöÇÔöÇÔöÇÔöÇÔöÇÔöÇÔöÇÔöÇÔöÇÔöÇÔöÇÔöÇÔöÇÔöÇÔöÇÔöÇÔöÇÔöÇÔöÇÔöÇÔöÇÔöÇÔöÇÔöÇÔöÇÔöÇÔöÇÔöÇÔöÇÔöÇÔöÇÔöÇÔöÇÔöÇÔöÇÔöÇÔöÇÔöÇÔöÇÔöÇÔöÇÔöÇÔöÇÔöÇÔöÇÔöÇÔöÇÔöÇÔöÇÔöÇÔöÇÔöÇÔöÇÔöÇÔöÇÔöÇÔöÇÔöÇÔöÇÔöÇÔöÇÔöÇÔöÇÔöÇÔöÇÔöÇÔöÇÔöÇÔöÇÔöÇÔöÇÔöÇÔöÇÔöÇÔöÇÔöÇÔöÇÔöÇÔöÇÔöÇÔöÇÔöÇÔöÇÔöÇÔöÇÔöÇÔöÇÔöÇÔöÇÔöÇÔöÇÔöÇÔöÇÔöÇÔöÇÔöÇÔöÇÔöÇÔöÇÔöÇÔöÇÔöÇÔöÇÔöÇÔöÇÔöÇÔöÇÔöÇÔöÇÔöÇÔöÇÔöÇÔöÇÔöÇÔöÇÔöÇÔöÇÔöÇÔöÇ[0m
00:00 +8 -5: C:/Users/tiago/Desktop/Mundo-das-Palavras/test/unit/logic/conquer_manager_test.dart: ConquestManager Regista conquista por persistencia (nao-firstTry)
[38;5;12mÔöîÔöÇÔöÇÔöÇÔöÇÔöÇÔöÇÔöÇÔöÇÔöÇÔöÇÔöÇÔöÇÔöÇÔöÇÔöÇÔöÇÔöÇÔöÇÔöÇÔöÇÔöÇÔöÇÔöÇÔöÇÔöÇÔöÇÔöÇÔöÇÔöÇÔöÇÔöÇÔöÇÔöÇÔöÇÔöÇÔöÇÔöÇÔöÇÔöÇÔöÇÔöÇÔöÇÔöÇÔöÇÔöÇÔöÇÔöÇÔöÇÔöÇÔöÇÔöÇÔöÇÔöÇÔöÇÔöÇÔöÇÔöÇÔöÇÔöÇÔöÇÔöÇÔöÇÔöÇÔöÇÔöÇÔöÇÔöÇÔöÇÔöÇÔöÇÔöÇÔöÇÔöÇÔöÇÔöÇÔöÇÔöÇÔöÇÔöÇÔöÇÔöÇÔöÇÔöÇÔöÇÔöÇÔöÇÔöÇÔöÇÔöÇÔöÇÔöÇÔöÇÔöÇÔöÇÔöÇÔöÇÔöÇÔöÇÔöÇÔöÇÔöÇÔöÇÔöÇÔöÇÔöÇÔöÇÔöÇÔöÇÔöÇÔöÇÔöÇÔöÇÔöÇÔöÇÔöÇÔöÇÔöÇÔöÇÔöÇ[0m
[38;5;12mÔöé #0   ConquestManager.registerRound (file:///C:/Users/tiago/Desktop/Mundo-das-Palavras/lib/widgets/conquest_manager.dart:71:24)[0m
[38;5;12mÔöé #1   main.<anonymous closure>.<anonymous closure> (file:///C:/Users/tiago/Desktop/Mundo-das-Palavras/test/unit/logic/conquer_manager_test.dart:58:17)[0m
[38;5;12mÔö£ÔöäÔöäÔöäÔöäÔöäÔöäÔöäÔöäÔöäÔöäÔöäÔöäÔöäÔöäÔöäÔöäÔöäÔöäÔöäÔöäÔöäÔöäÔöäÔöäÔöäÔöäÔöäÔöäÔöäÔöäÔöäÔöäÔöäÔöäÔöäÔöäÔöäÔöäÔöäÔöäÔöäÔöäÔöäÔöäÔöäÔöäÔöäÔöäÔöäÔöäÔöäÔöäÔöäÔöäÔöäÔöäÔöäÔöäÔöäÔöäÔöäÔöäÔöäÔöäÔöäÔöäÔöäÔöäÔöäÔöäÔöäÔöäÔöäÔöäÔöäÔöäÔöäÔöäÔöäÔöäÔöäÔöäÔöäÔöäÔöäÔöäÔöäÔöäÔöäÔöäÔöäÔöäÔöäÔöäÔöäÔöäÔöäÔöäÔöäÔöäÔöäÔöäÔöäÔöäÔöäÔöäÔöäÔöäÔöäÔöäÔöäÔöäÔöäÔöäÔöäÔöäÔöäÔöäÔöä[0m
[38;5;12mÔöé ­ƒÆí ­ƒôè Sess├úo: 1┬¬Tentativas=0; outrasTentativas=1 | streakFirstTry=0; persistenceCount=1[0m
[38;5;12mÔööÔöÇÔöÇÔöÇÔöÇÔöÇÔöÇÔöÇÔöÇÔöÇÔöÇÔöÇÔöÇÔöÇÔöÇÔöÇÔöÇÔöÇÔöÇÔöÇÔöÇÔöÇÔöÇÔöÇÔöÇÔöÇÔöÇÔöÇÔöÇÔöÇÔöÇÔöÇÔöÇÔöÇÔöÇÔöÇÔöÇÔöÇÔöÇÔöÇÔöÇÔöÇÔöÇÔöÇÔöÇÔöÇÔöÇÔöÇÔöÇÔöÇÔöÇÔöÇÔöÇÔöÇÔöÇÔöÇÔöÇÔöÇÔöÇÔöÇÔöÇÔöÇÔöÇÔöÇÔöÇÔöÇÔöÇÔöÇÔöÇÔöÇÔöÇÔöÇÔöÇÔöÇÔöÇÔöÇÔöÇÔöÇÔöÇÔöÇÔöÇÔöÇÔöÇÔöÇÔöÇÔöÇÔöÇÔöÇÔöÇÔöÇÔöÇÔöÇÔöÇÔöÇÔöÇÔöÇÔöÇÔöÇÔöÇÔöÇÔöÇÔöÇÔöÇÔöÇÔöÇÔöÇÔöÇÔöÇÔöÇÔöÇÔöÇÔöÇÔöÇÔöÇÔöÇÔöÇÔöÇÔöÇÔöÇÔöÇ[0m
[38;5;12mÔöîÔöÇÔöÇÔöÇÔöÇÔöÇÔöÇÔöÇÔöÇÔöÇÔöÇÔöÇÔöÇÔöÇÔöÇÔöÇÔöÇÔöÇÔöÇÔöÇÔöÇÔöÇÔöÇÔöÇÔöÇÔöÇÔöÇÔöÇÔöÇÔöÇÔöÇÔöÇÔöÇÔöÇÔöÇÔöÇÔöÇÔöÇÔöÇÔöÇÔöÇÔöÇÔöÇÔöÇÔöÇÔöÇÔöÇÔöÇÔöÇÔöÇÔöÇÔöÇÔöÇÔöÇÔöÇÔöÇÔöÇÔöÇÔöÇÔöÇÔöÇÔöÇÔöÇÔöÇÔöÇÔöÇÔöÇÔöÇÔöÇÔöÇÔöÇÔöÇÔöÇÔöÇÔöÇÔöÇÔöÇÔöÇÔöÇÔöÇÔöÇÔöÇÔöÇÔöÇÔöÇÔöÇÔöÇÔöÇÔöÇÔöÇÔöÇÔöÇÔöÇÔöÇÔöÇÔöÇÔöÇÔöÇÔöÇÔöÇÔöÇÔöÇÔöÇÔöÇÔöÇÔöÇÔöÇÔöÇÔöÇÔöÇÔöÇÔöÇÔöÇÔöÇÔöÇÔöÇÔöÇÔöÇÔöÇÔöÇ[0m
[38;5;12mÔöé #0   ConquestManager.registerRound (file:///C:/Users/tiago/Desktop/Mundo-das-Palavras/lib/widgets/conquest_manager.dart:71:24)[0m
[38;5;12mÔöé #1   main.<anonymous closure>.<anonymous closure> (file:///C:/Users/tiago/Desktop/Mundo-das-Palavras/test/unit/logic/conquer_manager_test.dart:58:17)[0m
[38;5;12mÔö£ÔöäÔöäÔöäÔöäÔöäÔöäÔöäÔöäÔöäÔöäÔöäÔöäÔöäÔöäÔöäÔöäÔöäÔöäÔöäÔöäÔöäÔöäÔöäÔöäÔöäÔöäÔöäÔöäÔöäÔöäÔöäÔöäÔöäÔöäÔöäÔöäÔöäÔöäÔöäÔöäÔöäÔöäÔöäÔöäÔöäÔöäÔöäÔöäÔöäÔöäÔöäÔöäÔöäÔöäÔöäÔöäÔöäÔöäÔöäÔöäÔöäÔöäÔöäÔöäÔöäÔöäÔöäÔöäÔöäÔöäÔöäÔöäÔöäÔöäÔöäÔöäÔöäÔöäÔöäÔöäÔöäÔöäÔöäÔöäÔöäÔöäÔöäÔöäÔöäÔöäÔöäÔöäÔöäÔöäÔöäÔöäÔöäÔöäÔöäÔöäÔöäÔöäÔöäÔöäÔöäÔöäÔöäÔöäÔöäÔöäÔöäÔöäÔöäÔöäÔöäÔöäÔöäÔöäÔöä[0m
[38;5;12mÔöé ­ƒÆí ­ƒôè Sess├úo: 1┬¬Tentativas=0; outrasTentativas=2 | streakFirstTry=0; persistenceCount=2[0m
[38;5;12mÔööÔöÇÔöÇÔöÇÔöÇÔöÇÔöÇÔöÇÔöÇÔöÇÔöÇÔöÇÔöÇÔöÇÔöÇÔöÇÔöÇÔöÇÔöÇÔöÇÔöÇÔöÇÔöÇÔöÇÔöÇÔöÇÔöÇÔöÇÔöÇÔöÇÔöÇÔöÇÔöÇÔöÇÔöÇÔöÇÔöÇÔöÇÔöÇÔöÇÔöÇÔöÇÔöÇÔöÇÔöÇÔöÇÔöÇÔöÇÔöÇÔöÇÔöÇÔöÇÔöÇÔöÇÔöÇÔöÇÔöÇÔöÇÔöÇÔöÇÔöÇÔöÇÔöÇÔöÇÔöÇÔöÇÔöÇÔöÇÔöÇÔöÇÔöÇÔöÇÔöÇÔöÇÔöÇÔöÇÔöÇÔöÇÔöÇÔöÇÔöÇÔöÇÔöÇÔöÇÔöÇÔöÇÔöÇÔöÇÔöÇÔöÇÔöÇÔöÇÔöÇÔöÇÔöÇÔöÇÔöÇÔöÇÔöÇÔöÇÔöÇÔöÇÔöÇÔöÇÔöÇÔöÇÔöÇÔöÇÔöÇÔöÇÔöÇÔöÇÔöÇÔöÇÔöÇÔöÇÔöÇÔöÇÔöÇÔöÇ[0m
[38;5;12mÔöîÔöÇÔöÇÔöÇÔöÇÔöÇÔöÇÔöÇÔöÇÔöÇÔöÇÔöÇÔöÇÔöÇÔöÇÔöÇÔöÇÔöÇÔöÇÔöÇÔöÇÔöÇÔöÇÔöÇÔöÇÔöÇÔöÇÔöÇÔöÇÔöÇÔöÇÔöÇÔöÇÔöÇÔöÇÔöÇÔöÇÔöÇÔöÇÔöÇÔöÇÔöÇÔöÇÔöÇÔöÇÔöÇÔöÇÔöÇÔöÇÔöÇÔöÇÔöÇÔöÇÔöÇÔöÇÔöÇÔöÇÔöÇÔöÇÔöÇÔöÇÔöÇÔöÇÔöÇÔöÇÔöÇÔöÇÔöÇÔöÇÔöÇÔöÇÔöÇÔöÇÔöÇÔöÇÔöÇÔöÇÔöÇÔöÇÔöÇÔöÇÔöÇÔöÇÔöÇÔöÇÔöÇÔöÇÔöÇÔöÇÔöÇÔöÇÔöÇÔöÇÔöÇÔöÇÔöÇÔöÇÔöÇÔöÇÔöÇÔöÇÔöÇÔöÇÔöÇÔöÇÔöÇÔöÇÔöÇÔöÇÔöÇÔöÇÔöÇÔöÇÔöÇÔöÇÔöÇÔöÇÔöÇÔöÇÔöÇ[0m
[38;5;12mÔöé #0   ConquestManager.registerRound (file:///C:/Users/tiago/Desktop/Mundo-das-Palavras/lib/widgets/conquest_manager.dart:71:24)[0m
[38;5;12mÔöé #1   main.<anonymous closure>.<anonymous closure> (file:///C:/Users/tiago/Desktop/Mundo-das-Palavras/test/unit/logic/conquer_manager_test.dart:58:17)[0m
[38;5;12mÔö£ÔöäÔöäÔöäÔöäÔöäÔöäÔöäÔöäÔöäÔöäÔöäÔöäÔöäÔöäÔöäÔöäÔöäÔöäÔöäÔöäÔöäÔöäÔöäÔöäÔöäÔöäÔöäÔöäÔöäÔöäÔöäÔöäÔöäÔöäÔöäÔöäÔöäÔöäÔöäÔöäÔöäÔöäÔöäÔöäÔöäÔöäÔöäÔöäÔöäÔöäÔöäÔöäÔöäÔöäÔöäÔöäÔöäÔöäÔöäÔöäÔöäÔöäÔöäÔöäÔöäÔöäÔöäÔöäÔöäÔöäÔöäÔöäÔöäÔöäÔöäÔöäÔöäÔöäÔöäÔöäÔöäÔöäÔöäÔöäÔöäÔöäÔöäÔöäÔöäÔöäÔöäÔöäÔöäÔöäÔöäÔöäÔöäÔöäÔöäÔöäÔöäÔöäÔöäÔöäÔöäÔöäÔöäÔöäÔöäÔöäÔöäÔöäÔöäÔöäÔöäÔöäÔöäÔöäÔöä[0m
[38;5;12mÔöé ­ƒÆí ­ƒôè Sess├úo: 1┬¬Tentativas=0; outrasTentativas=3 | streakFirstTry=0; persistenceCount=3[0m
[38;5;12mÔööÔöÇÔöÇÔöÇÔöÇÔöÇÔöÇÔöÇÔöÇÔöÇÔöÇÔöÇÔöÇÔöÇÔöÇÔöÇÔöÇÔöÇÔöÇÔöÇÔöÇÔöÇÔöÇÔöÇÔöÇÔöÇÔöÇÔöÇÔöÇÔöÇÔöÇÔöÇÔöÇÔöÇÔöÇÔöÇÔöÇÔöÇÔöÇÔöÇÔöÇÔöÇÔöÇÔöÇÔöÇÔöÇÔöÇÔöÇÔöÇÔöÇÔöÇÔöÇÔöÇÔöÇÔöÇÔöÇÔöÇÔöÇÔöÇÔöÇÔöÇÔöÇÔöÇÔöÇÔöÇÔöÇÔöÇÔöÇÔöÇÔöÇÔöÇÔöÇÔöÇÔöÇÔöÇÔöÇÔöÇÔöÇÔöÇÔöÇÔöÇÔöÇÔöÇÔöÇÔöÇÔöÇÔöÇÔöÇÔöÇÔöÇÔöÇÔöÇÔöÇÔöÇÔöÇÔöÇÔöÇÔöÇÔöÇÔöÇÔöÇÔöÇÔöÇÔöÇÔöÇÔöÇÔöÇÔöÇÔöÇÔöÇÔöÇÔöÇÔöÇÔöÇÔöÇÔöÇÔöÇÔöÇÔöÇÔöÇ[0m
[38;5;12mÔöîÔöÇÔöÇÔöÇÔöÇÔöÇÔöÇÔöÇÔöÇÔöÇÔöÇÔöÇÔöÇÔöÇÔöÇÔöÇÔöÇÔöÇÔöÇÔöÇÔöÇÔöÇÔöÇÔöÇÔöÇÔöÇÔöÇÔöÇÔöÇÔöÇÔöÇÔöÇÔöÇÔöÇÔöÇÔöÇÔöÇÔöÇÔöÇÔöÇÔöÇÔöÇÔöÇÔöÇÔöÇÔöÇÔöÇÔöÇÔöÇÔöÇÔöÇÔöÇÔöÇÔöÇÔöÇÔöÇÔöÇÔöÇÔöÇÔöÇÔöÇÔöÇÔöÇÔöÇÔöÇÔöÇÔöÇÔöÇÔöÇÔöÇÔöÇÔöÇÔöÇÔöÇÔöÇÔöÇÔöÇÔöÇÔöÇÔöÇÔöÇÔöÇÔöÇÔöÇÔöÇÔöÇÔöÇÔöÇÔöÇÔöÇÔöÇÔöÇÔöÇÔöÇÔöÇÔöÇÔöÇÔöÇÔöÇÔöÇÔöÇÔöÇÔöÇÔöÇÔöÇÔöÇÔöÇÔöÇÔöÇÔöÇÔöÇÔöÇÔöÇÔöÇÔöÇÔöÇÔöÇÔöÇÔöÇÔöÇ[0m
[38;5;12mÔöé #0   ConquestManager.registerRound (file:///C:/Users/tiago/Desktop/Mundo-das-Palavras/lib/widgets/conquest_manager.dart:71:24)[0m
[38;5;12mÔöé #1   main.<anonymous closure>.<anonymous closure> (file:///C:/Users/tiago/Desktop/Mundo-das-Palavras/test/unit/logic/conquer_manager_test.dart:58:17)[0m
[38;5;12mÔö£ÔöäÔöäÔöäÔöäÔöäÔöäÔöäÔöäÔöäÔöäÔöäÔöäÔöäÔöäÔöäÔöäÔöäÔöäÔöäÔöäÔöäÔöäÔöäÔöäÔöäÔöäÔöäÔöäÔöäÔöäÔöäÔöäÔöäÔöäÔöäÔöäÔöäÔöäÔöäÔöäÔöäÔöäÔöäÔöäÔöäÔöäÔöäÔöäÔöäÔöäÔöäÔöäÔöäÔöäÔöäÔöäÔöäÔöäÔöäÔöäÔöäÔöäÔöäÔöäÔöäÔöäÔöäÔöäÔöäÔöäÔöäÔöäÔöäÔöäÔöäÔöäÔöäÔöäÔöäÔöäÔöäÔöäÔöäÔöäÔöäÔöäÔöäÔöäÔöäÔöäÔöäÔöäÔöäÔöäÔöäÔöäÔöäÔöäÔöäÔöäÔöäÔöäÔöäÔöäÔöäÔöäÔöäÔöäÔöäÔöäÔöäÔöäÔöäÔöäÔöäÔöäÔöäÔöäÔöä[0m
[38;5;12mÔöé ­ƒÆí ­ƒôè Sess├úo: 1┬¬Tentativas=0; outrasTentativas=4 | streakFirstTry=0; persistenceCount=4[0m
[38;5;12mÔööÔöÇÔöÇÔöÇÔöÇÔöÇÔöÇÔöÇÔöÇÔöÇÔöÇÔöÇÔöÇÔöÇÔöÇÔöÇÔöÇÔöÇÔöÇÔöÇÔöÇÔöÇÔöÇÔöÇÔöÇÔöÇÔöÇÔöÇÔöÇÔöÇÔöÇÔöÇÔöÇÔöÇÔöÇÔöÇÔöÇÔöÇÔöÇÔöÇÔöÇÔöÇÔöÇÔöÇÔöÇÔöÇÔöÇÔöÇÔöÇÔöÇÔöÇÔöÇÔöÇÔöÇÔöÇÔöÇÔöÇÔöÇÔöÇÔöÇÔöÇÔöÇÔöÇÔöÇÔöÇÔöÇÔöÇÔöÇÔöÇÔöÇÔöÇÔöÇÔöÇÔöÇÔöÇÔöÇÔöÇÔöÇÔöÇÔöÇÔöÇÔöÇÔöÇÔöÇÔöÇÔöÇÔöÇÔöÇÔöÇÔöÇÔöÇÔöÇÔöÇÔöÇÔöÇÔöÇÔöÇÔöÇÔöÇÔöÇÔöÇÔöÇÔöÇÔöÇÔöÇÔöÇÔöÇÔöÇÔöÇÔöÇÔöÇÔöÇÔöÇÔöÇÔöÇÔöÇÔöÇÔöÇÔöÇÔöÇ[0m
[38;5;12mÔöîÔöÇÔöÇÔöÇÔöÇÔöÇÔöÇÔöÇÔöÇÔöÇÔöÇÔöÇÔöÇÔöÇÔöÇÔöÇÔöÇÔöÇÔöÇÔöÇÔöÇÔöÇÔöÇÔöÇÔöÇÔöÇÔöÇÔöÇÔöÇÔöÇÔöÇÔöÇÔöÇÔöÇÔöÇÔöÇÔöÇÔöÇÔöÇÔöÇÔöÇÔöÇÔöÇÔöÇÔöÇÔöÇÔöÇÔöÇÔöÇÔöÇÔöÇÔöÇÔöÇÔöÇÔöÇÔöÇÔöÇÔöÇÔöÇÔöÇÔöÇÔöÇÔöÇÔöÇÔöÇÔöÇÔöÇÔöÇÔöÇÔöÇÔöÇÔöÇÔöÇÔöÇÔöÇÔöÇÔöÇÔöÇÔöÇÔöÇÔöÇÔöÇÔöÇÔöÇÔöÇÔöÇÔöÇÔöÇÔöÇÔöÇÔöÇÔöÇÔöÇÔöÇÔöÇÔöÇÔöÇÔöÇÔöÇÔöÇÔöÇÔöÇÔöÇÔöÇÔöÇÔöÇÔöÇÔöÇÔöÇÔöÇÔöÇÔöÇÔöÇÔöÇÔöÇÔöÇÔöÇÔöÇÔöÇÔöÇ[0m
[38;5;12mÔöé #0   ConquestManager.registerRound (file:///C:/Users/tiago/Desktop/Mundo-das-Palavras/lib/widgets/conquest_manager.dart:71:24)[0m
[38;5;12mÔöé #1   main.<anonymous closure>.<anonymous closure> (file:///C:/Users/tiago/Desktop/Mundo-das-Palavras/test/unit/logic/conquer_manager_test.dart:58:17)[0m
[38;5;12mÔö£ÔöäÔöäÔöäÔöäÔöäÔöäÔöäÔöäÔöäÔöäÔöäÔöäÔöäÔöäÔöäÔöäÔöäÔöäÔöäÔöäÔöäÔöäÔöäÔöäÔöäÔöäÔöäÔöäÔöäÔöäÔöäÔöäÔöäÔöäÔöäÔöäÔöäÔöäÔöäÔöäÔöäÔöäÔöäÔöäÔöäÔöäÔöäÔöäÔöäÔöäÔöäÔöäÔöäÔöäÔöäÔöäÔöäÔöäÔöäÔöäÔöäÔöäÔöäÔöäÔöäÔöäÔöäÔöäÔöäÔöäÔöäÔöäÔöäÔöäÔöäÔöäÔöäÔöäÔöäÔöäÔöäÔöäÔöäÔöäÔöäÔöäÔöäÔöäÔöäÔöäÔöäÔöäÔöäÔöäÔöäÔöäÔöäÔöäÔöäÔöäÔöäÔöäÔöäÔöäÔöäÔöäÔöäÔöäÔöäÔöäÔöäÔöäÔöäÔöäÔöäÔöäÔöäÔöäÔöä[0m
[38;5;12mÔöé ­ƒÆí ­ƒôè Sess├úo: 1┬¬Tentativas=0; outrasTentativas=5 | streakFirstTry=0; persistenceCount=5[0m
[38;5;12mÔööÔöÇÔöÇÔöÇÔöÇÔöÇÔöÇÔöÇÔöÇÔöÇÔöÇÔöÇÔöÇÔöÇÔöÇÔöÇÔöÇÔöÇÔöÇÔöÇÔöÇÔöÇÔöÇÔöÇÔöÇÔöÇÔöÇÔöÇÔöÇÔöÇÔöÇÔöÇÔöÇÔöÇÔöÇÔöÇÔöÇÔöÇÔöÇÔöÇÔöÇÔöÇÔöÇÔöÇÔöÇÔöÇÔöÇÔöÇÔöÇÔöÇÔöÇÔöÇÔöÇÔöÇÔöÇÔöÇÔöÇÔöÇÔöÇÔöÇÔöÇÔöÇÔöÇÔöÇÔöÇÔöÇÔöÇÔöÇÔöÇÔöÇÔöÇÔöÇÔöÇÔöÇÔöÇÔöÇÔöÇÔöÇÔöÇÔöÇÔöÇÔöÇÔöÇÔöÇÔöÇÔöÇÔöÇÔöÇÔöÇÔöÇÔöÇÔöÇÔöÇÔöÇÔöÇÔöÇÔöÇÔöÇÔöÇÔöÇÔöÇÔöÇÔöÇÔöÇÔöÇÔöÇÔöÇÔöÇÔöÇÔöÇÔöÇÔöÇÔöÇÔöÇÔöÇÔöÇÔöÇÔöÇÔöÇÔöÇ[0m
[38;5;12mÔöîÔöÇÔöÇÔöÇÔöÇÔöÇÔöÇÔöÇÔöÇÔöÇÔöÇÔöÇÔöÇÔöÇÔöÇÔöÇÔöÇÔöÇÔöÇÔöÇÔöÇÔöÇÔöÇÔöÇÔöÇÔöÇÔöÇÔöÇÔöÇÔöÇÔöÇÔöÇÔöÇÔöÇÔöÇÔöÇÔöÇÔöÇÔöÇÔöÇÔöÇÔöÇÔöÇÔöÇÔöÇÔöÇÔöÇÔöÇÔöÇÔöÇÔöÇÔöÇÔöÇÔöÇÔöÇÔöÇÔöÇÔöÇÔöÇÔöÇÔöÇÔöÇÔöÇÔöÇÔöÇÔöÇÔöÇÔöÇÔöÇÔöÇÔöÇÔöÇÔöÇÔöÇÔöÇÔöÇÔöÇÔöÇÔöÇÔöÇÔöÇÔöÇÔöÇÔöÇÔöÇÔöÇÔöÇÔöÇÔöÇÔöÇÔöÇÔöÇÔöÇÔöÇÔöÇÔöÇÔöÇÔöÇÔöÇÔöÇÔöÇÔöÇÔöÇÔöÇÔöÇÔöÇÔöÇÔöÇÔöÇÔöÇÔöÇÔöÇÔöÇÔöÇÔöÇÔöÇÔöÇÔöÇÔöÇÔöÇ[0m
[38;5;12mÔöé #0   ConquestManager.registerRound (file:///C:/Users/tiago/Desktop/Mundo-das-Palavras/lib/widgets/conquest_manager.dart:71:24)[0m
[38;5;12mÔöé #1   main.<anonymous closure>.<anonymous closure> (file:///C:/Users/tiago/Desktop/Mundo-das-Palavras/test/unit/logic/conquer_manager_test.dart:58:17)[0m
[38;5;12mÔö£ÔöäÔöäÔöäÔöäÔöäÔöäÔöäÔöäÔöäÔöäÔöäÔöäÔöäÔöäÔöäÔöäÔöäÔöäÔöäÔöäÔöäÔöäÔöäÔöäÔöäÔöäÔöäÔöäÔöäÔöäÔöäÔöäÔöäÔöäÔöäÔöäÔöäÔöäÔöäÔöäÔöäÔöäÔöäÔöäÔöäÔöäÔöäÔöäÔöäÔöäÔöäÔöäÔöäÔöäÔöäÔöäÔöäÔöäÔöäÔöäÔöäÔöäÔöäÔöäÔöäÔöäÔöäÔöäÔöäÔöäÔöäÔöäÔöäÔöäÔöäÔöäÔöäÔöäÔöäÔöäÔöäÔöäÔöäÔöäÔöäÔöäÔöäÔöäÔöäÔöäÔöäÔöäÔöäÔöäÔöäÔöäÔöäÔöäÔöäÔöäÔöäÔöäÔöäÔöäÔöäÔöäÔöäÔöäÔöäÔöäÔöäÔöäÔöäÔöäÔöäÔöäÔöäÔöäÔöä[0m
[38;5;12mÔöé ­ƒÆí ­ƒôè Sess├úo: 1┬¬Tentativas=0; outrasTentativas=6 | streakFirstTry=0; persistenceCount=6[0m
[38;5;12mÔööÔöÇÔöÇÔöÇÔöÇÔöÇÔöÇÔöÇÔöÇÔöÇÔöÇÔöÇÔöÇÔöÇÔöÇÔöÇÔöÇÔöÇÔöÇÔöÇÔöÇÔöÇÔöÇÔöÇÔöÇÔöÇÔöÇÔöÇÔöÇÔöÇÔöÇÔöÇÔöÇÔöÇÔöÇÔöÇÔöÇÔöÇÔöÇÔöÇÔöÇÔöÇÔöÇÔöÇÔöÇÔöÇÔöÇÔöÇÔöÇÔöÇÔöÇÔöÇÔöÇÔöÇÔöÇÔöÇÔöÇÔöÇÔöÇÔöÇÔöÇÔöÇÔöÇÔöÇÔöÇÔöÇÔöÇÔöÇÔöÇÔöÇÔöÇÔöÇÔöÇÔöÇÔöÇÔöÇÔöÇÔöÇÔöÇÔöÇÔöÇÔöÇÔöÇÔöÇÔöÇÔöÇÔöÇÔöÇÔöÇÔöÇÔöÇÔöÇÔöÇÔöÇÔöÇÔöÇÔöÇÔöÇÔöÇÔöÇÔöÇÔöÇÔöÇÔöÇÔöÇÔöÇÔöÇÔöÇÔöÇÔöÇÔöÇÔöÇÔöÇÔöÇÔöÇÔöÇÔöÇÔöÇÔöÇÔöÇ[0m
[38;5;12mÔöîÔöÇÔöÇÔöÇÔöÇÔöÇÔöÇÔöÇÔöÇÔöÇÔöÇÔöÇÔöÇÔöÇÔöÇÔöÇÔöÇÔöÇÔöÇÔöÇÔöÇÔöÇÔöÇÔöÇÔöÇÔöÇÔöÇÔöÇÔöÇÔöÇÔöÇÔöÇÔöÇÔöÇÔöÇÔöÇÔöÇÔöÇÔöÇÔöÇÔöÇÔöÇÔöÇÔöÇÔöÇÔöÇÔöÇÔöÇÔöÇÔöÇÔöÇÔöÇÔöÇÔöÇÔöÇÔöÇÔöÇÔöÇÔöÇÔöÇÔöÇÔöÇÔöÇÔöÇÔöÇÔöÇÔöÇÔöÇÔöÇÔöÇÔöÇÔöÇÔöÇÔöÇÔöÇÔöÇÔöÇÔöÇÔöÇÔöÇÔöÇÔöÇÔöÇÔöÇÔöÇÔöÇÔöÇÔöÇÔöÇÔöÇÔöÇÔöÇÔöÇÔöÇÔöÇÔöÇÔöÇÔöÇÔöÇÔöÇÔöÇÔöÇÔöÇÔöÇÔöÇÔöÇÔöÇÔöÇÔöÇÔöÇÔöÇÔöÇÔöÇÔöÇÔöÇÔöÇÔöÇÔöÇÔöÇÔöÇ[0m
[38;5;12mÔöé #0   ConquestManager.registerRound (file:///C:/Users/tiago/Desktop/Mundo-das-Palavras/lib/widgets/conquest_manager.dart:71:24)[0m
[38;5;12mÔöé #1   main.<anonymous closure>.<anonymous closure> (file:///C:/Users/tiago/Desktop/Mundo-das-Palavras/test/unit/logic/conquer_manager_test.dart:58:17)[0m
[38;5;12mÔö£ÔöäÔöäÔöäÔöäÔöäÔöäÔöäÔöäÔöäÔöäÔöäÔöäÔöäÔöäÔöäÔöäÔöäÔöäÔöäÔöäÔöäÔöäÔöäÔöäÔöäÔöäÔöäÔöäÔöäÔöäÔöäÔöäÔöäÔöäÔöäÔöäÔöäÔöäÔöäÔöäÔöäÔöäÔöäÔöäÔöäÔöäÔöäÔöäÔöäÔöäÔöäÔöäÔöäÔöäÔöäÔöäÔöäÔöäÔöäÔöäÔöäÔöäÔöäÔöäÔöäÔöäÔöäÔöäÔöäÔöäÔöäÔöäÔöäÔöäÔöäÔöäÔöäÔöäÔöäÔöäÔöäÔöäÔöäÔöäÔöäÔöäÔöäÔöäÔöäÔöäÔöäÔöäÔöäÔöäÔöäÔöäÔöäÔöäÔöäÔöäÔöäÔöäÔöäÔöäÔöäÔöäÔöäÔöäÔöäÔöäÔöäÔöäÔöäÔöäÔöäÔöäÔöäÔöäÔöä[0m
[38;5;12mÔöé ­ƒÆí ­ƒôè Sess├úo: 1┬¬Tentativas=0; outrasTentativas=7 | streakFirstTry=0; persistenceCount=7[0m
[38;5;12mÔööÔöÇÔöÇÔöÇÔöÇÔöÇÔöÇÔöÇÔöÇÔöÇÔöÇÔöÇÔöÇÔöÇÔöÇÔöÇÔöÇÔöÇÔöÇÔöÇÔöÇÔöÇÔöÇÔöÇÔöÇÔöÇÔöÇÔöÇÔöÇÔöÇÔöÇÔöÇÔöÇÔöÇÔöÇÔöÇÔöÇÔöÇÔöÇÔöÇÔöÇÔöÇÔöÇÔöÇÔöÇÔöÇÔöÇÔöÇÔöÇÔöÇÔöÇÔöÇÔöÇÔöÇÔöÇÔöÇÔöÇÔöÇÔöÇÔöÇÔöÇÔöÇÔöÇÔöÇÔöÇÔöÇÔöÇÔöÇÔöÇÔöÇÔöÇÔöÇÔöÇÔöÇÔöÇÔöÇÔöÇÔöÇÔöÇÔöÇÔöÇÔöÇÔöÇÔöÇÔöÇÔöÇÔöÇÔöÇÔöÇÔöÇÔöÇÔöÇÔöÇÔöÇÔöÇÔöÇÔöÇÔöÇÔöÇÔöÇÔöÇÔöÇÔöÇÔöÇÔöÇÔöÇÔöÇÔöÇÔöÇÔöÇÔöÇÔöÇÔöÇÔöÇÔöÇÔöÇÔöÇÔöÇÔöÇÔöÇ[0m
[38;5;12mÔöîÔöÇÔöÇÔöÇÔöÇÔöÇÔöÇÔöÇÔöÇÔöÇÔöÇÔöÇÔöÇÔöÇÔöÇÔöÇÔöÇÔöÇÔöÇÔöÇÔöÇÔöÇÔöÇÔöÇÔöÇÔöÇÔöÇÔöÇÔöÇÔöÇÔöÇÔöÇÔöÇÔöÇÔöÇÔöÇÔöÇÔöÇÔöÇÔöÇÔöÇÔöÇÔöÇÔöÇÔöÇÔöÇÔöÇÔöÇÔöÇÔöÇÔöÇÔöÇÔöÇÔöÇÔöÇÔöÇÔöÇÔöÇÔöÇÔöÇÔöÇÔöÇÔöÇÔöÇÔöÇÔöÇÔöÇÔöÇÔöÇÔöÇÔöÇÔöÇÔöÇÔöÇÔöÇÔöÇÔöÇÔöÇÔöÇÔöÇÔöÇÔöÇÔöÇÔöÇÔöÇÔöÇÔöÇÔöÇÔöÇÔöÇÔöÇÔöÇÔöÇÔöÇÔöÇÔöÇÔöÇÔöÇÔöÇÔöÇÔöÇÔöÇÔöÇÔöÇÔöÇÔöÇÔöÇÔöÇÔöÇÔöÇÔöÇÔöÇÔöÇÔöÇÔöÇÔöÇÔöÇÔöÇÔöÇÔöÇ[0m
[38;5;12mÔöé #0   ConquestManager.registerRound (file:///C:/Users/tiago/Desktop/Mundo-das-Palavras/lib/widgets/conquest_manager.dart:71:24)[0m
[38;5;12mÔöé #1   main.<anonymous closure>.<anonymous closure> (file:///C:/Users/tiago/Desktop/Mundo-das-Palavras/test/unit/logic/conquer_manager_test.dart:58:17)[0m
[38;5;12mÔö£ÔöäÔöäÔöäÔöäÔöäÔöäÔöäÔöäÔöäÔöäÔöäÔöäÔöäÔöäÔöäÔöäÔöäÔöäÔöäÔöäÔöäÔöäÔöäÔöäÔöäÔöäÔöäÔöäÔöäÔöäÔöäÔöäÔöäÔöäÔöäÔöäÔöäÔöäÔöäÔöäÔöäÔöäÔöäÔöäÔöäÔöäÔöäÔöäÔöäÔöäÔöäÔöäÔöäÔöäÔöäÔöäÔöäÔöäÔöäÔöäÔöäÔöäÔöäÔöäÔöäÔöäÔöäÔöäÔöäÔöäÔöäÔöäÔöäÔöäÔöäÔöäÔöäÔöäÔöäÔöäÔöäÔöäÔöäÔöäÔöäÔöäÔöäÔöäÔöäÔöäÔöäÔöäÔöäÔöäÔöäÔöäÔöäÔöäÔöäÔöäÔöäÔöäÔöäÔöäÔöäÔöäÔöäÔöäÔöäÔöäÔöäÔöäÔöäÔöäÔöäÔöäÔöäÔöäÔöä[0m
[38;5;12mÔöé ­ƒÆí ­ƒôè Sess├úo: 1┬¬Tentativas=0; outrasTentativas=8 | streakFirstTry=0; persistenceCount=8[0m
[38;5;12mÔööÔöÇÔöÇÔöÇÔöÇÔöÇÔöÇÔöÇÔöÇÔöÇÔöÇÔöÇÔöÇÔöÇÔöÇÔöÇÔöÇÔöÇÔöÇÔöÇÔöÇÔöÇÔöÇÔöÇÔöÇÔöÇÔöÇÔöÇÔöÇÔöÇÔöÇÔöÇÔöÇÔöÇÔöÇÔöÇÔöÇÔöÇÔöÇÔöÇÔöÇÔöÇÔöÇÔöÇÔöÇÔöÇÔöÇÔöÇÔöÇÔöÇÔöÇÔöÇÔöÇÔöÇÔöÇÔöÇÔöÇÔöÇÔöÇÔöÇÔöÇÔöÇÔöÇÔöÇÔöÇÔöÇÔöÇÔöÇÔöÇÔöÇÔöÇÔöÇÔöÇÔöÇÔöÇÔöÇÔöÇÔöÇÔöÇÔöÇÔöÇÔöÇÔöÇÔöÇÔöÇÔöÇÔöÇÔöÇÔöÇÔöÇÔöÇÔöÇÔöÇÔöÇÔöÇÔöÇÔöÇÔöÇÔöÇÔöÇÔöÇÔöÇÔöÇÔöÇÔöÇÔöÇÔöÇÔöÇÔöÇÔöÇÔöÇÔöÇÔöÇÔöÇÔöÇÔöÇÔöÇÔöÇÔöÇÔöÇ[0m
[38;5;12mÔöîÔöÇÔöÇÔöÇÔöÇÔöÇÔöÇÔöÇÔöÇÔöÇÔöÇÔöÇÔöÇÔöÇÔöÇÔöÇÔöÇÔöÇÔöÇÔöÇÔöÇÔöÇÔöÇÔöÇÔöÇÔöÇÔöÇÔöÇÔöÇÔöÇÔöÇÔöÇÔöÇÔöÇÔöÇÔöÇÔöÇÔöÇÔöÇÔöÇÔöÇÔöÇÔöÇÔöÇÔöÇÔöÇÔöÇÔöÇÔöÇÔöÇÔöÇÔöÇÔöÇÔöÇÔöÇÔöÇÔöÇÔöÇÔöÇÔöÇÔöÇÔöÇÔöÇÔöÇÔöÇÔöÇÔöÇÔöÇÔöÇÔöÇÔöÇÔöÇÔöÇÔöÇÔöÇÔöÇÔöÇÔöÇÔöÇÔöÇÔöÇÔöÇÔöÇÔöÇÔöÇÔöÇÔöÇÔöÇÔöÇÔöÇÔöÇÔöÇÔöÇÔöÇÔöÇÔöÇÔöÇÔöÇÔöÇÔöÇÔöÇÔöÇÔöÇÔöÇÔöÇÔöÇÔöÇÔöÇÔöÇÔöÇÔöÇÔöÇÔöÇÔöÇÔöÇÔöÇÔöÇÔöÇÔöÇÔöÇ[0m
[38;5;12mÔöé #0   ConquestManager.registerRound (file:///C:/Users/tiago/Desktop/Mundo-das-Palavras/lib/widgets/conquest_manager.dart:71:24)[0m
[38;5;12mÔöé #1   main.<anonymous closure>.<anonymous closure> (file:///C:/Users/tiago/Desktop/Mundo-das-Palavras/test/unit/logic/conquer_manager_test.dart:58:17)[0m
[38;5;12mÔö£ÔöäÔöäÔöäÔöäÔöäÔöäÔöäÔöäÔöäÔöäÔöäÔöäÔöäÔöäÔöäÔöäÔöäÔöäÔöäÔöäÔöäÔöäÔöäÔöäÔöäÔöäÔöäÔöäÔöäÔöäÔöäÔöäÔöäÔöäÔöäÔöäÔöäÔöäÔöäÔöäÔöäÔöäÔöäÔöäÔöäÔöäÔöäÔöäÔöäÔöäÔöäÔöäÔöäÔöäÔöäÔöäÔöäÔöäÔöäÔöäÔöäÔöäÔöäÔöäÔöäÔöäÔöäÔöäÔöäÔöäÔöäÔöäÔöäÔöäÔöäÔöäÔöäÔöäÔöäÔöäÔöäÔöäÔöäÔöäÔöäÔöäÔöäÔöäÔöäÔöäÔöäÔöäÔöäÔöäÔöäÔöäÔöäÔöäÔöäÔöäÔöäÔöäÔöäÔöäÔöäÔöäÔöäÔöäÔöäÔöäÔöäÔöäÔöäÔöäÔöäÔöäÔöäÔöäÔöä[0m
[38;5;12mÔöé ­ƒÆí ­ƒôè Sess├úo: 1┬¬Tentativas=0; outrasTentativas=9 | streakFirstTry=0; persistenceCount=9[0m
[38;5;12mÔööÔöÇÔöÇÔöÇÔöÇÔöÇÔöÇÔöÇÔöÇÔöÇÔöÇÔöÇÔöÇÔöÇÔöÇÔöÇÔöÇÔöÇÔöÇÔöÇÔöÇÔöÇÔöÇÔöÇÔöÇÔöÇÔöÇÔöÇÔöÇÔöÇÔöÇÔöÇÔöÇÔöÇÔöÇÔöÇÔöÇÔöÇÔöÇÔöÇÔöÇÔöÇÔöÇÔöÇÔöÇÔöÇÔöÇÔöÇÔöÇÔöÇÔöÇÔöÇÔöÇÔöÇÔöÇÔöÇÔöÇÔöÇÔöÇÔöÇÔöÇÔöÇÔöÇÔöÇÔöÇÔöÇÔöÇÔöÇÔöÇÔöÇÔöÇÔöÇÔöÇÔöÇÔöÇÔöÇÔöÇÔöÇÔöÇÔöÇÔöÇÔöÇÔöÇÔöÇÔöÇÔöÇÔöÇÔöÇÔöÇÔöÇÔöÇÔöÇÔöÇÔöÇÔöÇÔöÇÔöÇÔöÇÔöÇÔöÇÔöÇÔöÇÔöÇÔöÇÔöÇÔöÇÔöÇÔöÇÔöÇÔöÇÔöÇÔöÇÔöÇÔöÇÔöÇÔöÇÔöÇÔöÇÔöÇÔöÇ[0m
[38;5;12mÔöîÔöÇÔöÇÔöÇÔöÇÔöÇÔöÇÔöÇÔöÇÔöÇÔöÇÔöÇÔöÇÔöÇÔöÇÔöÇÔöÇÔöÇÔöÇÔöÇÔöÇÔöÇÔöÇÔöÇÔöÇÔöÇÔöÇÔöÇÔöÇÔöÇÔöÇÔöÇÔöÇÔöÇÔöÇÔöÇÔöÇÔöÇÔöÇÔöÇÔöÇÔöÇÔöÇÔöÇÔöÇÔöÇÔöÇÔöÇÔöÇÔöÇÔöÇÔöÇÔöÇÔöÇÔöÇÔöÇÔöÇÔöÇÔöÇÔöÇÔöÇÔöÇÔöÇÔöÇÔöÇÔöÇÔöÇÔöÇÔöÇÔöÇÔöÇÔöÇÔöÇÔöÇÔöÇÔöÇÔöÇÔöÇÔöÇÔöÇÔöÇÔöÇÔöÇÔöÇÔöÇÔöÇÔöÇÔöÇÔöÇÔöÇÔöÇÔöÇÔöÇÔöÇÔöÇÔöÇÔöÇÔöÇÔöÇÔöÇÔöÇÔöÇÔöÇÔöÇÔöÇÔöÇÔöÇÔöÇÔöÇÔöÇÔöÇÔöÇÔöÇÔöÇÔöÇÔöÇÔöÇÔöÇÔöÇÔöÇ[0m
[38;5;12mÔöé #0   ConquestManager.registerRound (file:///C:/Users/tiago/Desktop/Mundo-das-Palavras/lib/widgets/conquest_manager.dart:71:24)[0m
[38;5;12mÔöé #1   main.<anonymous closure>.<anonymous closure> (file:///C:/Users/tiago/Desktop/Mundo-das-Palavras/test/unit/logic/conquer_manager_test.dart:58:17)[0m
[38;5;12mÔö£ÔöäÔöäÔöäÔöäÔöäÔöäÔöäÔöäÔöäÔöäÔöäÔöäÔöäÔöäÔöäÔöäÔöäÔöäÔöäÔöäÔöäÔöäÔöäÔöäÔöäÔöäÔöäÔöäÔöäÔöäÔöäÔöäÔöäÔöäÔöäÔöäÔöäÔöäÔöäÔöäÔöäÔöäÔöäÔöäÔöäÔöäÔöäÔöäÔöäÔöäÔöäÔöäÔöäÔöäÔöäÔöäÔöäÔöäÔöäÔöäÔöäÔöäÔöäÔöäÔöäÔöäÔöäÔöäÔöäÔöäÔöäÔöäÔöäÔöäÔöäÔöäÔöäÔöäÔöäÔöäÔöäÔöäÔöäÔöäÔöäÔöäÔöäÔöäÔöäÔöäÔöäÔöäÔöäÔöäÔöäÔöäÔöäÔöäÔöäÔöäÔöäÔöäÔöäÔöäÔöäÔöäÔöäÔöäÔöäÔöäÔöäÔöäÔöäÔöäÔöäÔöäÔöäÔöäÔöä[0m
[38;5;12mÔöé ­ƒÆí ­ƒôè Sess├úo: 1┬¬Tentativas=0; outrasTentativas=10 | streakFirstTry=0; persistenceCount=10[0m
[38;5;12mÔööÔöÇÔöÇÔöÇÔöÇÔöÇÔöÇÔöÇÔöÇÔöÇÔöÇÔöÇÔöÇÔöÇÔöÇÔöÇÔöÇÔöÇÔöÇÔöÇÔöÇÔöÇÔöÇÔöÇÔöÇÔöÇÔöÇÔöÇÔöÇÔöÇÔöÇÔöÇÔöÇÔöÇÔöÇÔöÇÔöÇÔöÇÔöÇÔöÇÔöÇÔöÇÔöÇÔöÇÔöÇÔöÇÔöÇÔöÇÔöÇÔöÇÔöÇÔöÇÔöÇÔöÇÔöÇÔöÇÔöÇÔöÇÔöÇÔöÇÔöÇÔöÇÔöÇÔöÇÔöÇÔöÇÔöÇÔöÇÔöÇÔöÇÔöÇÔöÇÔöÇÔöÇÔöÇÔöÇÔöÇÔöÇÔöÇÔöÇÔöÇÔöÇÔöÇÔöÇÔöÇÔöÇÔöÇÔöÇÔöÇÔöÇÔöÇÔöÇÔöÇÔöÇÔöÇÔöÇÔöÇÔöÇÔöÇÔöÇÔöÇÔöÇÔöÇÔöÇÔöÇÔöÇÔöÇÔöÇÔöÇÔöÇÔöÇÔöÇÔöÇÔöÇÔöÇÔöÇÔöÇÔöÇÔöÇÔöÇ[0m
[38;5;12mÔöîÔöÇÔöÇÔöÇÔöÇÔöÇÔöÇÔöÇÔöÇÔöÇÔöÇÔöÇÔöÇÔöÇÔöÇÔöÇÔöÇÔöÇÔöÇÔöÇÔöÇÔöÇÔöÇÔöÇÔöÇÔöÇÔöÇÔöÇÔöÇÔöÇÔöÇÔöÇÔöÇÔöÇÔöÇÔöÇÔöÇÔöÇÔöÇÔöÇÔöÇÔöÇÔöÇÔöÇÔöÇÔöÇÔöÇÔöÇÔöÇÔöÇÔöÇÔöÇÔöÇÔöÇÔöÇÔöÇÔöÇÔöÇÔöÇÔöÇÔöÇÔöÇÔöÇÔöÇÔöÇÔöÇÔöÇÔöÇÔöÇÔöÇÔöÇÔöÇÔöÇÔöÇÔöÇÔöÇÔöÇÔöÇÔöÇÔöÇÔöÇÔöÇÔöÇÔöÇÔöÇÔöÇÔöÇÔöÇÔöÇÔöÇÔöÇÔöÇÔöÇÔöÇÔöÇÔöÇÔöÇÔöÇÔöÇÔöÇÔöÇÔöÇÔöÇÔöÇÔöÇÔöÇÔöÇÔöÇÔöÇÔöÇÔöÇÔöÇÔöÇÔöÇÔöÇÔöÇÔöÇÔöÇÔöÇÔöÇ[0m
[38;5;12mÔöé #0   ConquestManager.registerRound (file:///C:/Users/tiago/Desktop/Mundo-das-Palavras/lib/widgets/conquest_manager.dart:71:24)[0m
[38;5;12mÔöé #1   main.<anonymous closure>.<anonymous closure> (file:///C:/Users/tiago/Desktop/Mundo-das-Palavras/test/unit/logic/conquer_manager_test.dart:58:17)[0m
[38;5;12mÔö£ÔöäÔöäÔöäÔöäÔöäÔöäÔöäÔöäÔöäÔöäÔöäÔöäÔöäÔöäÔöäÔöäÔöäÔöäÔöäÔöäÔöäÔöäÔöäÔöäÔöäÔöäÔöäÔöäÔöäÔöäÔöäÔöäÔöäÔöäÔöäÔöäÔöäÔöäÔöäÔöäÔöäÔöäÔöäÔöäÔöäÔöäÔöäÔöäÔöäÔöäÔöäÔöäÔöäÔöäÔöäÔöäÔöäÔöäÔöäÔöäÔöäÔöäÔöäÔöäÔöäÔöäÔöäÔöäÔöäÔöäÔöäÔöäÔöäÔöäÔöäÔöäÔöäÔöäÔöäÔöäÔöäÔöäÔöäÔöäÔöäÔöäÔöäÔöäÔöäÔöäÔöäÔöäÔöäÔöäÔöäÔöäÔöäÔöäÔöäÔöäÔöäÔöäÔöäÔöäÔöäÔöäÔöäÔöäÔöäÔöäÔöäÔöäÔöäÔöäÔöäÔöäÔöäÔöäÔöä[0m
[38;5;12mÔöé ­ƒÆí ­ƒôè Sess├úo: 1┬¬Tentativas=0; outrasTentativas=11 | streakFirstTry=0; persistenceCount=11[0m
[38;5;12mÔööÔöÇÔöÇÔöÇÔöÇÔöÇÔöÇÔöÇÔöÇÔöÇÔöÇÔöÇÔöÇÔöÇÔöÇÔöÇÔöÇÔöÇÔöÇÔöÇÔöÇÔöÇÔöÇÔöÇÔöÇÔöÇÔöÇÔöÇÔöÇÔöÇÔöÇÔöÇÔöÇÔöÇÔöÇÔöÇÔöÇÔöÇÔöÇÔöÇÔöÇÔöÇÔöÇÔöÇÔöÇÔöÇÔöÇÔöÇÔöÇÔöÇÔöÇÔöÇÔöÇÔöÇÔöÇÔöÇÔöÇÔöÇÔöÇÔöÇÔöÇÔöÇÔöÇÔöÇÔöÇÔöÇÔöÇÔöÇÔöÇÔöÇÔöÇÔöÇÔöÇÔöÇÔöÇÔöÇÔöÇÔöÇÔöÇÔöÇÔöÇÔöÇÔöÇÔöÇÔöÇÔöÇÔöÇÔöÇÔöÇÔöÇÔöÇÔöÇÔöÇÔöÇÔöÇÔöÇÔöÇÔöÇÔöÇÔöÇÔöÇÔöÇÔöÇÔöÇÔöÇÔöÇÔöÇÔöÇÔöÇÔöÇÔöÇÔöÇÔöÇÔöÇÔöÇÔöÇÔöÇÔöÇÔöÇÔöÇ[0m
[38;5;12mÔöîÔöÇÔöÇÔöÇÔöÇÔöÇÔöÇÔöÇÔöÇÔöÇÔöÇÔöÇÔöÇÔöÇÔöÇÔöÇÔöÇÔöÇÔöÇÔöÇÔöÇÔöÇÔöÇÔöÇÔöÇÔöÇÔöÇÔöÇÔöÇÔöÇÔöÇÔöÇÔöÇÔöÇÔöÇÔöÇÔöÇÔöÇÔöÇÔöÇÔöÇÔöÇÔöÇÔöÇÔöÇÔöÇÔöÇÔöÇÔöÇÔöÇÔöÇÔöÇÔöÇÔöÇÔöÇÔöÇÔöÇÔöÇÔöÇÔöÇÔöÇÔöÇÔöÇÔöÇÔöÇÔöÇÔöÇÔöÇÔöÇÔöÇÔöÇÔöÇÔöÇÔöÇÔöÇÔöÇÔöÇÔöÇÔöÇÔöÇÔöÇÔöÇÔöÇÔöÇÔöÇÔöÇÔöÇÔöÇÔöÇÔöÇÔöÇÔöÇÔöÇÔöÇÔöÇÔöÇÔöÇÔöÇÔöÇÔöÇÔöÇÔöÇÔöÇÔöÇÔöÇÔöÇÔöÇÔöÇÔöÇÔöÇÔöÇÔöÇÔöÇÔöÇÔöÇÔöÇÔöÇÔöÇÔöÇÔöÇ[0m
[38;5;12mÔöé #0   ConquestManager.registerRound (file:///C:/Users/tiago/Desktop/Mundo-das-Palavras/lib/widgets/conquest_manager.dart:71:24)[0m
[38;5;12mÔöé #1   main.<anonymous closure>.<anonymous closure> (file:///C:/Users/tiago/Desktop/Mundo-das-Palavras/test/unit/logic/conquer_manager_test.dart:58:17)[0m
[38;5;12mÔö£ÔöäÔöäÔöäÔöäÔöäÔöäÔöäÔöäÔöäÔöäÔöäÔöäÔöäÔöäÔöäÔöäÔöäÔöäÔöäÔöäÔöäÔöäÔöäÔöäÔöäÔöäÔöäÔöäÔöäÔöäÔöäÔöäÔöäÔöäÔöäÔöäÔöäÔöäÔöäÔöäÔöäÔöäÔöäÔöäÔöäÔöäÔöäÔöäÔöäÔöäÔöäÔöäÔöäÔöäÔöäÔöäÔöäÔöäÔöäÔöäÔöäÔöäÔöäÔöäÔöäÔöäÔöäÔöäÔöäÔöäÔöäÔöäÔöäÔöäÔöäÔöäÔöäÔöäÔöäÔöäÔöäÔöäÔöäÔöäÔöäÔöäÔöäÔöäÔöäÔöäÔöäÔöäÔöäÔöäÔöäÔöäÔöäÔöäÔöäÔöäÔöäÔöäÔöäÔöäÔöäÔöäÔöäÔöäÔöäÔöäÔöäÔöäÔöäÔöäÔöäÔöäÔöäÔöäÔöä[0m
[38;5;12mÔöé ­ƒÆí ­ƒôè Sess├úo: 1┬¬Tentativas=0; outrasTentativas=12 | streakFirstTry=0; persistenceCount=12[0m
[38;5;12mÔööÔöÇÔöÇÔöÇÔöÇÔöÇÔöÇÔöÇÔöÇÔöÇÔöÇÔöÇÔöÇÔöÇÔöÇÔöÇÔöÇÔöÇÔöÇÔöÇÔöÇÔöÇÔöÇÔöÇÔöÇÔöÇÔöÇÔöÇÔöÇÔöÇÔöÇÔöÇÔöÇÔöÇÔöÇÔöÇÔöÇÔöÇÔöÇÔöÇÔöÇÔöÇÔöÇÔöÇÔöÇÔöÇÔöÇÔöÇÔöÇÔöÇÔöÇÔöÇÔöÇÔöÇÔöÇÔöÇÔöÇÔöÇÔöÇÔöÇÔöÇÔöÇÔöÇÔöÇÔöÇÔöÇÔöÇÔöÇÔöÇÔöÇÔöÇÔöÇÔöÇÔöÇÔöÇÔöÇÔöÇÔöÇÔöÇÔöÇÔöÇÔöÇÔöÇÔöÇÔöÇÔöÇÔöÇÔöÇÔöÇÔöÇÔöÇÔöÇÔöÇÔöÇÔöÇÔöÇÔöÇÔöÇÔöÇÔöÇÔöÇÔöÇÔöÇÔöÇÔöÇÔöÇÔöÇÔöÇÔöÇÔöÇÔöÇÔöÇÔöÇÔöÇÔöÇÔöÇÔöÇÔöÇÔöÇÔöÇ[0m
[38;5;12mÔöîÔöÇÔöÇÔöÇÔöÇÔöÇÔöÇÔöÇÔöÇÔöÇÔöÇÔöÇÔöÇÔöÇÔöÇÔöÇÔöÇÔöÇÔöÇÔöÇÔöÇÔöÇÔöÇÔöÇÔöÇÔöÇÔöÇÔöÇÔöÇÔöÇÔöÇÔöÇÔöÇÔöÇÔöÇÔöÇÔöÇÔöÇÔöÇÔöÇÔöÇÔöÇÔöÇÔöÇÔöÇÔöÇÔöÇÔöÇÔöÇÔöÇÔöÇÔöÇÔöÇÔöÇÔöÇÔöÇÔöÇÔöÇÔöÇÔöÇÔöÇÔöÇÔöÇÔöÇÔöÇÔöÇÔöÇÔöÇÔöÇÔöÇÔöÇÔöÇÔöÇÔöÇÔöÇÔöÇÔöÇÔöÇÔöÇÔöÇÔöÇÔöÇÔöÇÔöÇÔöÇÔöÇÔöÇÔöÇÔöÇÔöÇÔöÇÔöÇÔöÇÔöÇÔöÇÔöÇÔöÇÔöÇÔöÇÔöÇÔöÇÔöÇÔöÇÔöÇÔöÇÔöÇÔöÇÔöÇÔöÇÔöÇÔöÇÔöÇÔöÇÔöÇÔöÇÔöÇÔöÇÔöÇÔöÇÔöÇ[0m
[38;5;12mÔöé #0   ConquestManager.registerRound (file:///C:/Users/tiago/Desktop/Mundo-das-Palavras/lib/widgets/conquest_manager.dart:71:24)[0m
[38;5;12mÔöé #1   main.<anonymous closure>.<anonymous closure> (file:///C:/Users/tiago/Desktop/Mundo-das-Palavras/test/unit/logic/conquer_manager_test.dart:58:17)[0m
[38;5;12mÔö£ÔöäÔöäÔöäÔöäÔöäÔöäÔöäÔöäÔöäÔöäÔöäÔöäÔöäÔöäÔöäÔöäÔöäÔöäÔöäÔöäÔöäÔöäÔöäÔöäÔöäÔöäÔöäÔöäÔöäÔöäÔöäÔöäÔöäÔöäÔöäÔöäÔöäÔöäÔöäÔöäÔöäÔöäÔöäÔöäÔöäÔöäÔöäÔöäÔöäÔöäÔöäÔöäÔöäÔöäÔöäÔöäÔöäÔöäÔöäÔöäÔöäÔöäÔöäÔöäÔöäÔöäÔöäÔöäÔöäÔöäÔöäÔöäÔöäÔöäÔöäÔöäÔöäÔöäÔöäÔöäÔöäÔöäÔöäÔöäÔöäÔöäÔöäÔöäÔöäÔöäÔöäÔöäÔöäÔöäÔöäÔöäÔöäÔöäÔöäÔöäÔöäÔöäÔöäÔöäÔöäÔöäÔöäÔöäÔöäÔöäÔöäÔöäÔöäÔöäÔöäÔöäÔöäÔöäÔöä[0m
[38;5;12mÔöé ­ƒÆí ­ƒôè Sess├úo: 1┬¬Tentativas=0; outrasTentativas=13 | streakFirstTry=0; persistenceCount=13[0m
[38;5;12mÔööÔöÇÔöÇÔöÇÔöÇÔöÇÔöÇÔöÇÔöÇÔöÇÔöÇÔöÇÔöÇÔöÇÔöÇÔöÇÔöÇÔöÇÔöÇÔöÇÔöÇÔöÇÔöÇÔöÇÔöÇÔöÇÔöÇÔöÇÔöÇÔöÇÔöÇÔöÇÔöÇÔöÇÔöÇÔöÇÔöÇÔöÇÔöÇÔöÇÔöÇÔöÇÔöÇÔöÇÔöÇÔöÇÔöÇÔöÇÔöÇÔöÇÔöÇÔöÇÔöÇÔöÇÔöÇÔöÇÔöÇÔöÇÔöÇÔöÇÔöÇÔöÇÔöÇÔöÇÔöÇÔöÇÔöÇÔöÇÔöÇÔöÇÔöÇÔöÇÔöÇÔöÇÔöÇÔöÇÔöÇÔöÇÔöÇÔöÇÔöÇÔöÇÔöÇÔöÇÔöÇÔöÇÔöÇÔöÇÔöÇÔöÇÔöÇÔöÇÔöÇÔöÇÔöÇÔöÇÔöÇÔöÇÔöÇÔöÇÔöÇÔöÇÔöÇÔöÇÔöÇÔöÇÔöÇÔöÇÔöÇÔöÇÔöÇÔöÇÔöÇÔöÇÔöÇÔöÇÔöÇÔöÇÔöÇÔöÇ[0m
[38;5;12mÔöîÔöÇÔöÇÔöÇÔöÇÔöÇÔöÇÔöÇÔöÇÔöÇÔöÇÔöÇÔöÇÔöÇÔöÇÔöÇÔöÇÔöÇÔöÇÔöÇÔöÇÔöÇÔöÇÔöÇÔöÇÔöÇÔöÇÔöÇÔöÇÔöÇÔöÇÔöÇÔöÇÔöÇÔöÇÔöÇÔöÇÔöÇÔöÇÔöÇÔöÇÔöÇÔöÇÔöÇÔöÇÔöÇÔöÇÔöÇÔöÇÔöÇÔöÇÔöÇÔöÇÔöÇÔöÇÔöÇÔöÇÔöÇÔöÇÔöÇÔöÇÔöÇÔöÇÔöÇÔöÇÔöÇÔöÇÔöÇÔöÇÔöÇÔöÇÔöÇÔöÇÔöÇÔöÇÔöÇÔöÇÔöÇÔöÇÔöÇÔöÇÔöÇÔöÇÔöÇÔöÇÔöÇÔöÇÔöÇÔöÇÔöÇÔöÇÔöÇÔöÇÔöÇÔöÇÔöÇÔöÇÔöÇÔöÇÔöÇÔöÇÔöÇÔöÇÔöÇÔöÇÔöÇÔöÇÔöÇÔöÇÔöÇÔöÇÔöÇÔöÇÔöÇÔöÇÔöÇÔöÇÔöÇÔöÇÔöÇ[0m
[38;5;12mÔöé #0   ConquestManager.registerRound (file:///C:/Users/tiago/Desktop/Mundo-das-Palavras/lib/widgets/conquest_manager.dart:71:24)[0m
[38;5;12mÔöé #1   main.<anonymous closure>.<anonymous closure> (file:///C:/Users/tiago/Desktop/Mundo-das-Palavras/test/unit/logic/conquer_manager_test.dart:58:17)[0m
[38;5;12mÔö£ÔöäÔöäÔöäÔöäÔöäÔöäÔöäÔöäÔöäÔöäÔöäÔöäÔöäÔöäÔöäÔöäÔöäÔöäÔöäÔöäÔöäÔöäÔöäÔöäÔöäÔöäÔöäÔöäÔöäÔöäÔöäÔöäÔöäÔöäÔöäÔöäÔöäÔöäÔöäÔöäÔöäÔöäÔöäÔöäÔöäÔöäÔöäÔöäÔöäÔöäÔöäÔöäÔöäÔöäÔöäÔöäÔöäÔöäÔöäÔöäÔöäÔöäÔöäÔöäÔöäÔöäÔöäÔöäÔöäÔöäÔöäÔöäÔöäÔöäÔöäÔöäÔöäÔöäÔöäÔöäÔöäÔöäÔöäÔöäÔöäÔöäÔöäÔöäÔöäÔöäÔöäÔöäÔöäÔöäÔöäÔöäÔöäÔöäÔöäÔöäÔöäÔöäÔöäÔöäÔöäÔöäÔöäÔöäÔöäÔöäÔöäÔöäÔöäÔöäÔöäÔöäÔöäÔöäÔöä[0m
[38;5;12mÔöé ­ƒÆí ­ƒôè Sess├úo: 1┬¬Tentativas=0; outrasTentativas=14 | streakFirstTry=0; persistenceCount=14[0m
[38;5;12mÔööÔöÇÔöÇÔöÇÔöÇÔöÇÔöÇÔöÇÔöÇÔöÇÔöÇÔöÇÔöÇÔöÇÔöÇÔöÇÔöÇÔöÇÔöÇÔöÇÔöÇÔöÇÔöÇÔöÇÔöÇÔöÇÔöÇÔöÇÔöÇÔöÇÔöÇÔöÇÔöÇÔöÇÔöÇÔöÇÔöÇÔöÇÔöÇÔöÇÔöÇÔöÇÔöÇÔöÇÔöÇÔöÇÔöÇÔöÇÔöÇÔöÇÔöÇÔöÇÔöÇÔöÇÔöÇÔöÇÔöÇÔöÇÔöÇÔöÇÔöÇÔöÇÔöÇÔöÇÔöÇÔöÇÔöÇÔöÇÔöÇÔöÇÔöÇÔöÇÔöÇÔöÇÔöÇÔöÇÔöÇÔöÇÔöÇÔöÇÔöÇÔöÇÔöÇÔöÇÔöÇÔöÇÔöÇÔöÇÔöÇÔöÇÔöÇÔöÇÔöÇÔöÇÔöÇÔöÇÔöÇÔöÇÔöÇÔöÇÔöÇÔöÇÔöÇÔöÇÔöÇÔöÇÔöÇÔöÇÔöÇÔöÇÔöÇÔöÇÔöÇÔöÇÔöÇÔöÇÔöÇÔöÇÔöÇÔöÇ[0m
[38;5;12mÔöîÔöÇÔöÇÔöÇÔöÇÔöÇÔöÇÔöÇÔöÇÔöÇÔöÇÔöÇÔöÇÔöÇÔöÇÔöÇÔöÇÔöÇÔöÇÔöÇÔöÇÔöÇÔöÇÔöÇÔöÇÔöÇÔöÇÔöÇÔöÇÔöÇÔöÇÔöÇÔöÇÔöÇÔöÇÔöÇÔöÇÔöÇÔöÇÔöÇÔöÇÔöÇÔöÇÔöÇÔöÇÔöÇÔöÇÔöÇÔöÇÔöÇÔöÇÔöÇÔöÇÔöÇÔöÇÔöÇÔöÇÔöÇÔöÇÔöÇÔöÇÔöÇÔöÇÔöÇÔöÇÔöÇÔöÇÔöÇÔöÇÔöÇÔöÇÔöÇÔöÇÔöÇÔöÇÔöÇÔöÇÔöÇÔöÇÔöÇÔöÇÔöÇÔöÇÔöÇÔöÇÔöÇÔöÇÔöÇÔöÇÔöÇÔöÇÔöÇÔöÇÔöÇÔöÇÔöÇÔöÇÔöÇÔöÇÔöÇÔöÇÔöÇÔöÇÔöÇÔöÇÔöÇÔöÇÔöÇÔöÇÔöÇÔöÇÔöÇÔöÇÔöÇÔöÇÔöÇÔöÇÔöÇÔöÇÔöÇ[0m
[38;5;12mÔöé #0   UserModel.incrementConquest (file:///C:/Users/tiago/Desktop/Mundo-das-Palavras/lib/models/user_model.dart:117:12)[0m
[38;5;12mÔöé #1   ConquestManager.registerRound (file:///C:/Users/tiago/Desktop/Mundo-das-Palavras/lib/widgets/conquest_manager.dart:68:12)[0m
[38;5;12mÔö£ÔöäÔöäÔöäÔöäÔöäÔöäÔöäÔöäÔöäÔöäÔöäÔöäÔöäÔöäÔöäÔöäÔöäÔöäÔöäÔöäÔöäÔöäÔöäÔöäÔöäÔöäÔöäÔöäÔöäÔöäÔöäÔöäÔöäÔöäÔöäÔöäÔöäÔöäÔöäÔöäÔöäÔöäÔöäÔöäÔöäÔöäÔöäÔöäÔöäÔöäÔöäÔöäÔöäÔöäÔöäÔöäÔöäÔöäÔöäÔöäÔöäÔöäÔöäÔöäÔöäÔöäÔöäÔöäÔöäÔöäÔöäÔöäÔöäÔöäÔöäÔöäÔöäÔöäÔöäÔöäÔöäÔöäÔöäÔöäÔöäÔöäÔöäÔöäÔöäÔöäÔöäÔöäÔöäÔöäÔöäÔöäÔöäÔöäÔöäÔöäÔöäÔöäÔöäÔöäÔöäÔöäÔöäÔöäÔöäÔöäÔöäÔöäÔöäÔöäÔöäÔöäÔöäÔöäÔöä[0m
[38;5;12mÔöé ­ƒÆí Incrementing conquest. Current value: 0[0m
[38;5;12mÔööÔöÇÔöÇÔöÇÔöÇÔöÇÔöÇÔöÇÔöÇÔöÇÔöÇÔöÇÔöÇÔöÇÔöÇÔöÇÔöÇÔöÇÔöÇÔöÇÔöÇÔöÇÔöÇÔöÇÔöÇÔöÇÔöÇÔöÇÔöÇÔöÇÔöÇÔöÇÔöÇÔöÇÔöÇÔöÇÔöÇÔöÇÔöÇÔöÇÔöÇÔöÇÔöÇÔöÇÔöÇÔöÇÔöÇÔöÇÔöÇÔöÇÔöÇÔöÇÔöÇÔöÇÔöÇÔöÇÔöÇÔöÇÔöÇÔöÇÔöÇÔöÇÔöÇÔöÇÔöÇÔöÇÔöÇÔöÇÔöÇÔöÇÔöÇÔöÇÔöÇÔöÇÔöÇÔöÇÔöÇÔöÇÔöÇÔöÇÔöÇÔöÇÔöÇÔöÇÔöÇÔöÇÔöÇÔöÇÔöÇÔöÇÔöÇÔöÇÔöÇÔöÇÔöÇÔöÇÔöÇÔöÇÔöÇÔöÇÔöÇÔöÇÔöÇÔöÇÔöÇÔöÇÔöÇÔöÇÔöÇÔöÇÔöÇÔöÇÔöÇÔöÇÔöÇÔöÇÔöÇÔöÇÔöÇÔöÇ[0m
[38;5;12mÔöîÔöÇÔöÇÔöÇÔöÇÔöÇÔöÇÔöÇÔöÇÔöÇÔöÇÔöÇÔöÇÔöÇÔöÇÔöÇÔöÇÔöÇÔöÇÔöÇÔöÇÔöÇÔöÇÔöÇÔöÇÔöÇÔöÇÔöÇÔöÇÔöÇÔöÇÔöÇÔöÇÔöÇÔöÇÔöÇÔöÇÔöÇÔöÇÔöÇÔöÇÔöÇÔöÇÔöÇÔöÇÔöÇÔöÇÔöÇÔöÇÔöÇÔöÇÔöÇÔöÇÔöÇÔöÇÔöÇÔöÇÔöÇÔöÇÔöÇÔöÇÔöÇÔöÇÔöÇÔöÇÔöÇÔöÇÔöÇÔöÇÔöÇÔöÇÔöÇÔöÇÔöÇÔöÇÔöÇÔöÇÔöÇÔöÇÔöÇÔöÇÔöÇÔöÇÔöÇÔöÇÔöÇÔöÇÔöÇÔöÇÔöÇÔöÇÔöÇÔöÇÔöÇÔöÇÔöÇÔöÇÔöÇÔöÇÔöÇÔöÇÔöÇÔöÇÔöÇÔöÇÔöÇÔöÇÔöÇÔöÇÔöÇÔöÇÔöÇÔöÇÔöÇÔöÇÔöÇÔöÇÔöÇÔöÇÔöÇ[0m
[38;5;12mÔöé #0   UserModel.incrementConquest (file:///C:/Users/tiago/Desktop/Mundo-das-Palavras/lib/models/user_model.dart:119:12)[0m
[38;5;12mÔöé #1   ConquestManager.registerRound (file:///C:/Users/tiago/Desktop/Mundo-das-Palavras/lib/widgets/conquest_manager.dart:68:12)[0m
[38;5;12mÔö£ÔöäÔöäÔöäÔöäÔöäÔöäÔöäÔöäÔöäÔöäÔöäÔöäÔöäÔöäÔöäÔöäÔöäÔöäÔöäÔöäÔöäÔöäÔöäÔöäÔöäÔöäÔöäÔöäÔöäÔöäÔöäÔöäÔöäÔöäÔöäÔöäÔöäÔöäÔöäÔöäÔöäÔöäÔöäÔöäÔöäÔöäÔöäÔöäÔöäÔöäÔöäÔöäÔöäÔöäÔöäÔöäÔöäÔöäÔöäÔöäÔöäÔöäÔöäÔöäÔöäÔöäÔöäÔöäÔöäÔöäÔöäÔöäÔöäÔöäÔöäÔöäÔöäÔöäÔöäÔöäÔöäÔöäÔöäÔöäÔöäÔöäÔöäÔöäÔöäÔöäÔöäÔöäÔöäÔöäÔöäÔöäÔöäÔöäÔöäÔöäÔöäÔöäÔöäÔöäÔöäÔöäÔöäÔöäÔöäÔöäÔöäÔöäÔöäÔöäÔöäÔöäÔöäÔöäÔöä[0m
[38;5;12mÔöé ­ƒÆí New conquest value: 1[0m
[38;5;12mÔööÔöÇÔöÇÔöÇÔöÇÔöÇÔöÇÔöÇÔöÇÔöÇÔöÇÔöÇÔöÇÔöÇÔöÇÔöÇÔöÇÔöÇÔöÇÔöÇÔöÇÔöÇÔöÇÔöÇÔöÇÔöÇÔöÇÔöÇÔöÇÔöÇÔöÇÔöÇÔöÇÔöÇÔöÇÔöÇÔöÇÔöÇÔöÇÔöÇÔöÇÔöÇÔöÇÔöÇÔöÇÔöÇÔöÇÔöÇÔöÇÔöÇÔöÇÔöÇÔöÇÔöÇÔöÇÔöÇÔöÇÔöÇÔöÇÔöÇÔöÇÔöÇÔöÇÔöÇÔöÇÔöÇÔöÇÔöÇÔöÇÔöÇÔöÇÔöÇÔöÇÔöÇÔöÇÔöÇÔöÇÔöÇÔöÇÔöÇÔöÇÔöÇÔöÇÔöÇÔöÇÔöÇÔöÇÔöÇÔöÇÔöÇÔöÇÔöÇÔöÇÔöÇÔöÇÔöÇÔöÇÔöÇÔöÇÔöÇÔöÇÔöÇÔöÇÔöÇÔöÇÔöÇÔöÇÔöÇÔöÇÔöÇÔöÇÔöÇÔöÇÔöÇÔöÇÔöÇÔöÇÔöÇÔöÇÔöÇ[0m
[38;5;12mÔöîÔöÇÔöÇÔöÇÔöÇÔöÇÔöÇÔöÇÔöÇÔöÇÔöÇÔöÇÔöÇÔöÇÔöÇÔöÇÔöÇÔöÇÔöÇÔöÇÔöÇÔöÇÔöÇÔöÇÔöÇÔöÇÔöÇÔöÇÔöÇÔöÇÔöÇÔöÇÔöÇÔöÇÔöÇÔöÇÔöÇÔöÇÔöÇÔöÇÔöÇÔöÇÔöÇÔöÇÔöÇÔöÇÔöÇÔöÇÔöÇÔöÇÔöÇÔöÇÔöÇÔöÇÔöÇÔöÇÔöÇÔöÇÔöÇÔöÇÔöÇÔöÇÔöÇÔöÇÔöÇÔöÇÔöÇÔöÇÔöÇÔöÇÔöÇÔöÇÔöÇÔöÇÔöÇÔöÇÔöÇÔöÇÔöÇÔöÇÔöÇÔöÇÔöÇÔöÇÔöÇÔöÇÔöÇÔöÇÔöÇÔöÇÔöÇÔöÇÔöÇÔöÇÔöÇÔöÇÔöÇÔöÇÔöÇÔöÇÔöÇÔöÇÔöÇÔöÇÔöÇÔöÇÔöÇÔöÇÔöÇÔöÇÔöÇÔöÇÔöÇÔöÇÔöÇÔöÇÔöÇÔöÇÔöÇÔöÇ[0m
[38;5;12mÔöé #0   ConquestManager.registerRound (file:///C:/Users/tiago/Desktop/Mundo-das-Palavras/lib/widgets/conquest_manager.dart:71:24)[0m
[38;5;12mÔöé #1   main.<anonymous closure>.<anonymous closure> (file:///C:/Users/tiago/Desktop/Mundo-das-Palavras/test/unit/logic/conquer_manager_test.dart:58:17)[0m
[38;5;12mÔö£ÔöäÔöäÔöäÔöäÔöäÔöäÔöäÔöäÔöäÔöäÔöäÔöäÔöäÔöäÔöäÔöäÔöäÔöäÔöäÔöäÔöäÔöäÔöäÔöäÔöäÔöäÔöäÔöäÔöäÔöäÔöäÔöäÔöäÔöäÔöäÔöäÔöäÔöäÔöäÔöäÔöäÔöäÔöäÔöäÔöäÔöäÔöäÔöäÔöäÔöäÔöäÔöäÔöäÔöäÔöäÔöäÔöäÔöäÔöäÔöäÔöäÔöäÔöäÔöäÔöäÔöäÔöäÔöäÔöäÔöäÔöäÔöäÔöäÔöäÔöäÔöäÔöäÔöäÔöäÔöäÔöäÔöäÔöäÔöäÔöäÔöäÔöäÔöäÔöäÔöäÔöäÔöäÔöäÔöäÔöäÔöäÔöäÔöäÔöäÔöäÔöäÔöäÔöäÔöäÔöäÔöäÔöäÔöäÔöäÔöäÔöäÔöäÔöäÔöäÔöäÔöäÔöäÔöäÔöä[0m
[38;5;12mÔöé ­ƒÆí ­ƒôè Sess├úo: 1┬¬Tentativas=0; outrasTentativas=15 | streakFirstTry=0; persistenceCount=0[0m
[38;5;12mÔööÔöÇÔöÇÔöÇÔöÇÔöÇÔöÇÔöÇÔöÇÔöÇÔöÇÔöÇÔöÇÔöÇÔöÇÔöÇÔöÇÔöÇÔöÇÔöÇÔöÇÔöÇÔöÇÔöÇÔöÇÔöÇÔöÇÔöÇÔöÇÔöÇÔöÇÔöÇÔöÇÔöÇÔöÇÔöÇÔöÇÔöÇÔöÇÔöÇÔöÇÔöÇÔöÇÔöÇÔöÇÔöÇÔöÇÔöÇÔöÇÔöÇÔöÇÔöÇÔöÇÔöÇÔöÇÔöÇÔöÇÔöÇÔöÇÔöÇÔöÇÔöÇÔöÇÔöÇÔöÇÔöÇÔöÇÔöÇÔöÇÔöÇÔöÇÔöÇÔöÇÔöÇÔöÇÔöÇÔöÇÔöÇÔöÇÔöÇÔöÇÔöÇÔöÇÔöÇÔöÇÔöÇÔöÇÔöÇÔöÇÔöÇÔöÇÔöÇÔöÇÔöÇÔöÇÔöÇÔöÇÔöÇÔöÇÔöÇÔöÇÔöÇÔöÇÔöÇÔöÇÔöÇÔöÇÔöÇÔöÇÔöÇÔöÇÔöÇÔöÇÔöÇÔöÇÔöÇÔöÇÔöÇÔöÇÔöÇ[0m
00:00 +9 -5: C:/Users/tiago/Desktop/Mundo-das-Palavras/test/unit/logic/conquer_manager_test.dart: ConquestManager Primeira tentativa acumula corretamente o streak
[38;5;12mÔöîÔöÇÔöÇÔöÇÔöÇÔöÇÔöÇÔöÇÔöÇÔöÇÔöÇÔöÇÔöÇÔöÇÔöÇÔöÇÔöÇÔöÇÔöÇÔöÇÔöÇÔöÇÔöÇÔöÇÔöÇÔöÇÔöÇÔöÇÔöÇÔöÇÔöÇÔöÇÔöÇÔöÇÔöÇÔöÇÔöÇÔöÇÔöÇÔöÇÔöÇÔöÇÔöÇÔöÇÔöÇÔöÇÔöÇÔöÇÔöÇÔöÇÔöÇÔöÇÔöÇÔöÇÔöÇÔöÇÔöÇÔöÇÔöÇÔöÇÔöÇÔöÇÔöÇÔöÇÔöÇÔöÇÔöÇÔöÇÔöÇÔöÇÔöÇÔöÇÔöÇÔöÇÔöÇÔöÇÔöÇÔöÇÔöÇÔöÇÔöÇÔöÇÔöÇÔöÇÔöÇÔöÇÔöÇÔöÇÔöÇÔöÇÔöÇÔöÇÔöÇÔöÇÔöÇÔöÇÔöÇÔöÇÔöÇÔöÇÔöÇÔöÇÔöÇÔöÇÔöÇÔöÇÔöÇÔöÇÔöÇÔöÇÔöÇÔöÇÔöÇÔöÇÔöÇÔöÇÔöÇÔöÇÔöÇÔöÇ[0m
[38;5;12mÔöé #0   ConquestManager.registerRound (file:///C:/Users/tiago/Desktop/Mundo-das-Palavras/lib/widgets/conquest_manager.dart:71:24)[0m
[38;5;12mÔöé #1   main.<anonymous closure>.<anonymous closure> (file:///C:/Users/tiago/Desktop/Mundo-das-Palavras/test/unit/logic/conquer_manager_test.dart:67:15)[0m
[38;5;12mÔö£ÔöäÔöäÔöäÔöäÔöäÔöäÔöäÔöäÔöäÔöäÔöäÔöäÔöäÔöäÔöäÔöäÔöäÔöäÔöäÔöäÔöäÔöäÔöäÔöäÔöäÔöäÔöäÔöäÔöäÔöäÔöäÔöäÔöäÔöäÔöäÔöäÔöäÔöäÔöäÔöäÔöäÔöäÔöäÔöäÔöäÔöäÔöäÔöäÔöäÔöäÔöäÔöäÔöäÔöäÔöäÔöäÔöäÔöäÔöäÔöäÔöäÔöäÔöäÔöäÔöäÔöäÔöäÔöäÔöäÔöäÔöäÔöäÔöäÔöäÔöäÔöäÔöäÔöäÔöäÔöäÔöäÔöäÔöäÔöäÔöäÔöäÔöäÔöäÔöäÔöäÔöäÔöäÔöäÔöäÔöäÔöäÔöäÔöäÔöäÔöäÔöäÔöäÔöäÔöäÔöäÔöäÔöäÔöäÔöäÔöäÔöäÔöäÔöäÔöäÔöäÔöäÔöäÔöäÔöä[0m
[38;5;12mÔöé ­ƒÆí ­ƒôè Sess├úo: 1┬¬Tentativas=1; outrasTentativas=0 | streakFirstTry=1; persistenceCount=0[0m
[38;5;12mÔööÔöÇÔöÇÔöÇÔöÇÔöÇÔöÇÔöÇÔöÇÔöÇÔöÇÔöÇÔöÇÔöÇÔöÇÔöÇÔöÇÔöÇÔöÇÔöÇÔöÇÔöÇÔöÇÔöÇÔöÇÔöÇÔöÇÔöÇÔöÇÔöÇÔöÇÔöÇÔöÇÔöÇÔöÇÔöÇÔöÇÔöÇÔöÇÔöÇÔöÇÔöÇÔöÇÔöÇÔöÇÔöÇÔöÇÔöÇÔöÇÔöÇÔöÇÔöÇÔöÇÔöÇÔöÇÔöÇÔöÇÔöÇÔöÇÔöÇÔöÇÔöÇÔöÇÔöÇÔöÇÔöÇÔöÇÔöÇÔöÇÔöÇÔöÇÔöÇÔöÇÔöÇÔöÇÔöÇÔöÇÔöÇÔöÇÔöÇÔöÇÔöÇÔöÇÔöÇÔöÇÔöÇÔöÇÔöÇÔöÇÔöÇÔöÇÔöÇÔöÇÔöÇÔöÇÔöÇÔöÇÔöÇÔöÇÔöÇÔöÇÔöÇÔöÇÔöÇÔöÇÔöÇÔöÇÔöÇÔöÇÔöÇÔöÇÔöÇÔöÇÔöÇÔöÇÔöÇÔöÇÔöÇÔöÇÔöÇ[0m
[38;5;12mÔöîÔöÇÔöÇÔöÇÔöÇÔöÇÔöÇÔöÇÔöÇÔöÇÔöÇÔöÇÔöÇÔöÇÔöÇÔöÇÔöÇÔöÇÔöÇÔöÇÔöÇÔöÇÔöÇÔöÇÔöÇÔöÇÔöÇÔöÇÔöÇÔöÇÔöÇÔöÇÔöÇÔöÇÔöÇÔöÇÔöÇÔöÇÔöÇÔöÇÔöÇÔöÇÔöÇÔöÇÔöÇÔöÇÔöÇÔöÇÔöÇÔöÇÔöÇÔöÇÔöÇÔöÇÔöÇÔöÇÔöÇÔöÇÔöÇÔöÇÔöÇÔöÇÔöÇÔöÇÔöÇÔöÇÔöÇÔöÇÔöÇÔöÇÔöÇÔöÇÔöÇÔöÇÔöÇÔöÇÔöÇÔöÇÔöÇÔöÇÔöÇÔöÇÔöÇÔöÇÔöÇÔöÇÔöÇÔöÇÔöÇÔöÇÔöÇÔöÇÔöÇÔöÇÔöÇÔöÇÔöÇÔöÇÔöÇÔöÇÔöÇÔöÇÔöÇÔöÇÔöÇÔöÇÔöÇÔöÇÔöÇÔöÇÔöÇÔöÇÔöÇÔöÇÔöÇÔöÇÔöÇÔöÇÔöÇÔöÇ[0m
[38;5;12mÔöé #0   ConquestManager.registerRound (file:///C:/Users/tiago/Desktop/Mundo-das-Palavras/lib/widgets/conquest_manager.dart:71:24)[0m
[38;5;12mÔöé #1   main.<anonymous closure>.<anonymous closure> (file:///C:/Users/tiago/Desktop/Mundo-das-Palavras/test/unit/logic/conquer_manager_test.dart:68:15)[0m
[38;5;12mÔö£ÔöäÔöäÔöäÔöäÔöäÔöäÔöäÔöäÔöäÔöäÔöäÔöäÔöäÔöäÔöäÔöäÔöäÔöäÔöäÔöäÔöäÔöäÔöäÔöäÔöäÔöäÔöäÔöäÔöäÔöäÔöäÔöäÔöäÔöäÔöäÔöäÔöäÔöäÔöäÔöäÔöäÔöäÔöäÔöäÔöäÔöäÔöäÔöäÔöäÔöäÔöäÔöäÔöäÔöäÔöäÔöäÔöäÔöäÔöäÔöäÔöäÔöäÔöäÔöäÔöäÔöäÔöäÔöäÔöäÔöäÔöäÔöäÔöäÔöäÔöäÔöäÔöäÔöäÔöäÔöäÔöäÔöäÔöäÔöäÔöäÔöäÔöäÔöäÔöäÔöäÔöäÔöäÔöäÔöäÔöäÔöäÔöäÔöäÔöäÔöäÔöäÔöäÔöäÔöäÔöäÔöäÔöäÔöäÔöäÔöäÔöäÔöäÔöäÔöäÔöäÔöäÔöäÔöäÔöä[0m
[38;5;12mÔöé ­ƒÆí ­ƒôè Sess├úo: 1┬¬Tentativas=2; outrasTentativas=0 | streakFirstTry=2; persistenceCount=0[0m
[38;5;12mÔööÔöÇÔöÇÔöÇÔöÇÔöÇÔöÇÔöÇÔöÇÔöÇÔöÇÔöÇÔöÇÔöÇÔöÇÔöÇÔöÇÔöÇÔöÇÔöÇÔöÇÔöÇÔöÇÔöÇÔöÇÔöÇÔöÇÔöÇÔöÇÔöÇÔöÇÔöÇÔöÇÔöÇÔöÇÔöÇÔöÇÔöÇÔöÇÔöÇÔöÇÔöÇÔöÇÔöÇÔöÇÔöÇÔöÇÔöÇÔöÇÔöÇÔöÇÔöÇÔöÇÔöÇÔöÇÔöÇÔöÇÔöÇÔöÇÔöÇÔöÇÔöÇÔöÇÔöÇÔöÇÔöÇÔöÇÔöÇÔöÇÔöÇÔöÇÔöÇÔöÇÔöÇÔöÇÔöÇÔöÇÔöÇÔöÇÔöÇÔöÇÔöÇÔöÇÔöÇÔöÇÔöÇÔöÇÔöÇÔöÇÔöÇÔöÇÔöÇÔöÇÔöÇÔöÇÔöÇÔöÇÔöÇÔöÇÔöÇÔöÇÔöÇÔöÇÔöÇÔöÇÔöÇÔöÇÔöÇÔöÇÔöÇÔöÇÔöÇÔöÇÔöÇÔöÇÔöÇÔöÇÔöÇÔöÇÔöÇ[0m
[38;5;12mÔöîÔöÇÔöÇÔöÇÔöÇÔöÇÔöÇÔöÇÔöÇÔöÇÔöÇÔöÇÔöÇÔöÇÔöÇÔöÇÔöÇÔöÇÔöÇÔöÇÔöÇÔöÇÔöÇÔöÇÔöÇÔöÇÔöÇÔöÇÔöÇÔöÇÔöÇÔöÇÔöÇÔöÇÔöÇÔöÇÔöÇÔöÇÔöÇÔöÇÔöÇÔöÇÔöÇÔöÇÔöÇÔöÇÔöÇÔöÇÔöÇÔöÇÔöÇÔöÇÔöÇÔöÇÔöÇÔöÇÔöÇÔöÇÔöÇÔöÇÔöÇÔöÇÔöÇÔöÇÔöÇÔöÇÔöÇÔöÇÔöÇÔöÇÔöÇÔöÇÔöÇÔöÇÔöÇÔöÇÔöÇÔöÇÔöÇÔöÇÔöÇÔöÇÔöÇÔöÇÔöÇÔöÇÔöÇÔöÇÔöÇÔöÇÔöÇÔöÇÔöÇÔöÇÔöÇÔöÇÔöÇÔöÇÔöÇÔöÇÔöÇÔöÇÔöÇÔöÇÔöÇÔöÇÔöÇÔöÇÔöÇÔöÇÔöÇÔöÇÔöÇÔöÇÔöÇÔöÇÔöÇÔöÇÔöÇÔöÇ[0m
[38;5;12mÔöé #0   ConquestManager.registerRound (file:///C:/Users/tiago/Desktop/Mundo-das-Palavras/lib/widgets/conquest_manager.dart:71:24)[0m
[38;5;12mÔöé #1   main.<anonymous closure>.<anonymous closure> (file:///C:/Users/tiago/Desktop/Mundo-das-Palavras/test/unit/logic/conquer_manager_test.dart:71:15)[0m
[38;5;12mÔö£ÔöäÔöäÔöäÔöäÔöäÔöäÔöäÔöäÔöäÔöäÔöäÔöäÔöäÔöäÔöäÔöäÔöäÔöäÔöäÔöäÔöäÔöäÔöäÔöäÔöäÔöäÔöäÔöäÔöäÔöäÔöäÔöäÔöäÔöäÔöäÔöäÔöäÔöäÔöäÔöäÔöäÔöäÔöäÔöäÔöäÔöäÔöäÔöäÔöäÔöäÔöäÔöäÔöäÔöäÔöäÔöäÔöäÔöäÔöäÔöäÔöäÔöäÔöäÔöäÔöäÔöäÔöäÔöäÔöäÔöäÔöäÔöäÔöäÔöäÔöäÔöäÔöäÔöäÔöäÔöäÔöäÔöäÔöäÔöäÔöäÔöäÔöäÔöäÔöäÔöäÔöäÔöäÔöäÔöäÔöäÔöäÔöäÔöäÔöäÔöäÔöäÔöäÔöäÔöäÔöäÔöäÔöäÔöäÔöäÔöäÔöäÔöäÔöäÔöäÔöäÔöäÔöäÔöäÔöä[0m
[38;5;12mÔöé ­ƒÆí ­ƒôè Sess├úo: 1┬¬Tentativas=2; outrasTentativas=1 | streakFirstTry=0; persistenceCount=1[0m
[38;5;12mÔööÔöÇÔöÇÔöÇÔöÇÔöÇÔöÇÔöÇÔöÇÔöÇÔöÇÔöÇÔöÇÔöÇÔöÇÔöÇÔöÇÔöÇÔöÇÔöÇÔöÇÔöÇÔöÇÔöÇÔöÇÔöÇÔöÇÔöÇÔöÇÔöÇÔöÇÔöÇÔöÇÔöÇÔöÇÔöÇÔöÇÔöÇÔöÇÔöÇÔöÇÔöÇÔöÇÔöÇÔöÇÔöÇÔöÇÔöÇÔöÇÔöÇÔöÇÔöÇÔöÇÔöÇÔöÇÔöÇÔöÇÔöÇÔöÇÔöÇÔöÇÔöÇÔöÇÔöÇÔöÇÔöÇÔöÇÔöÇÔöÇÔöÇÔöÇÔöÇÔöÇÔöÇÔöÇÔöÇÔöÇÔöÇÔöÇÔöÇÔöÇÔöÇÔöÇÔöÇÔöÇÔöÇÔöÇÔöÇÔöÇÔöÇÔöÇÔöÇÔöÇÔöÇÔöÇÔöÇÔöÇÔöÇÔöÇÔöÇÔöÇÔöÇÔöÇÔöÇÔöÇÔöÇÔöÇÔöÇÔöÇÔöÇÔöÇÔöÇÔöÇÔöÇÔöÇÔöÇÔöÇÔöÇÔöÇÔöÇ[0m
00:00 +10 -5: C:/Users/tiago/Desktop/Mundo-das-Palavras/test/unit/logic/conquer_manager_test.dart: ConquestManager PersistenceCount acumula apenas em tentativas nao-firstTry
[38;5;12mÔöîÔöÇÔöÇÔöÇÔöÇÔöÇÔöÇÔöÇÔöÇÔöÇÔöÇÔöÇÔöÇÔöÇÔöÇÔöÇÔöÇÔöÇÔöÇÔöÇÔöÇÔöÇÔöÇÔöÇÔöÇÔöÇÔöÇÔöÇÔöÇÔöÇÔöÇÔöÇÔöÇÔöÇÔöÇÔöÇÔöÇÔöÇÔöÇÔöÇÔöÇÔöÇÔöÇÔöÇÔöÇÔöÇÔöÇÔöÇÔöÇÔöÇÔöÇÔöÇÔöÇÔöÇÔöÇÔöÇÔöÇÔöÇÔöÇÔöÇÔöÇÔöÇÔöÇÔöÇÔöÇÔöÇÔöÇÔöÇÔöÇÔöÇÔöÇÔöÇÔöÇÔöÇÔöÇÔöÇÔöÇÔöÇÔöÇÔöÇÔöÇÔöÇÔöÇÔöÇÔöÇÔöÇÔöÇÔöÇÔöÇÔöÇÔöÇÔöÇÔöÇÔöÇÔöÇÔöÇÔöÇÔöÇÔöÇÔöÇÔöÇÔöÇÔöÇÔöÇÔöÇÔöÇÔöÇÔöÇÔöÇÔöÇÔöÇÔöÇÔöÇÔöÇÔöÇÔöÇÔöÇÔöÇÔöÇÔöÇ[0m
[38;5;12mÔöé #0   ConquestManager.registerRound (file:///C:/Users/tiago/Desktop/Mundo-das-Palavras/lib/widgets/conquest_manager.dart:71:24)[0m
[38;5;12mÔöé #1   main.<anonymous closure>.<anonymous closure> (file:///C:/Users/tiago/Desktop/Mundo-das-Palavras/test/unit/logic/conquer_manager_test.dart:76:15)[0m
[38;5;12mÔö£ÔöäÔöäÔöäÔöäÔöäÔöäÔöäÔöäÔöäÔöäÔöäÔöäÔöäÔöäÔöäÔöäÔöäÔöäÔöäÔöäÔöäÔöäÔöäÔöäÔöäÔöäÔöäÔöäÔöäÔöäÔöäÔöäÔöäÔöäÔöäÔöäÔöäÔöäÔöäÔöäÔöäÔöäÔöäÔöäÔöäÔöäÔöäÔöäÔöäÔöäÔöäÔöäÔöäÔöäÔöäÔöäÔöäÔöäÔöäÔöäÔöäÔöäÔöäÔöäÔöäÔöäÔöäÔöäÔöäÔöäÔöäÔöäÔöäÔöäÔöäÔöäÔöäÔöäÔöäÔöäÔöäÔöäÔöäÔöäÔöäÔöäÔöäÔöäÔöäÔöäÔöäÔöäÔöäÔöäÔöäÔöäÔöäÔöäÔöäÔöäÔöäÔöäÔöäÔöäÔöäÔöäÔöäÔöäÔöäÔöäÔöäÔöäÔöäÔöäÔöäÔöäÔöäÔöäÔöä[0m
[38;5;12mÔöé ­ƒÆí ­ƒôè Sess├úo: 1┬¬Tentativas=0; outrasTentativas=1 | streakFirstTry=0; persistenceCount=1[0m
[38;5;12mÔööÔöÇÔöÇÔöÇÔöÇÔöÇÔöÇÔöÇÔöÇÔöÇÔöÇÔöÇÔöÇÔöÇÔöÇÔöÇÔöÇÔöÇÔöÇÔöÇÔöÇÔöÇÔöÇÔöÇÔöÇÔöÇÔöÇÔöÇÔöÇÔöÇÔöÇÔöÇÔöÇÔöÇÔöÇÔöÇÔöÇÔöÇÔöÇÔöÇÔöÇÔöÇÔöÇÔöÇÔöÇÔöÇÔöÇÔöÇÔöÇÔöÇÔöÇÔöÇÔöÇÔöÇÔöÇÔöÇÔöÇÔöÇÔöÇÔöÇÔöÇÔöÇÔöÇÔöÇÔöÇÔöÇÔöÇÔöÇÔöÇÔöÇÔöÇÔöÇÔöÇÔöÇÔöÇÔöÇÔöÇÔöÇÔöÇÔöÇÔöÇÔöÇÔöÇÔöÇÔöÇÔöÇÔöÇÔöÇÔöÇÔöÇÔöÇÔöÇÔöÇÔöÇÔöÇÔöÇÔöÇÔöÇÔöÇÔöÇÔöÇÔöÇÔöÇÔöÇÔöÇÔöÇÔöÇÔöÇÔöÇÔöÇÔöÇÔöÇÔöÇÔöÇÔöÇÔöÇÔöÇÔöÇÔöÇÔöÇ[0m
[38;5;12mÔöîÔöÇÔöÇÔöÇÔöÇÔöÇÔöÇÔöÇÔöÇÔöÇÔöÇÔöÇÔöÇÔöÇÔöÇÔöÇÔöÇÔöÇÔöÇÔöÇÔöÇÔöÇÔöÇÔöÇÔöÇÔöÇÔöÇÔöÇÔöÇÔöÇÔöÇÔöÇÔöÇÔöÇÔöÇÔöÇÔöÇÔöÇÔöÇÔöÇÔöÇÔöÇÔöÇÔöÇÔöÇÔöÇÔöÇÔöÇÔöÇÔöÇÔöÇÔöÇÔöÇÔöÇÔöÇÔöÇÔöÇÔöÇÔöÇÔöÇÔöÇÔöÇÔöÇÔöÇÔöÇÔöÇÔöÇÔöÇÔöÇÔöÇÔöÇÔöÇÔöÇÔöÇÔöÇÔöÇÔöÇÔöÇÔöÇÔöÇÔöÇÔöÇÔöÇÔöÇÔöÇÔöÇÔöÇÔöÇÔöÇÔöÇÔöÇÔöÇÔöÇÔöÇÔöÇÔöÇÔöÇÔöÇÔöÇÔöÇÔöÇÔöÇÔöÇÔöÇÔöÇÔöÇÔöÇÔöÇÔöÇÔöÇÔöÇÔöÇÔöÇÔöÇÔöÇÔöÇÔöÇÔöÇÔöÇÔöÇ[0m
[38;5;12mÔöé #0   ConquestManager.registerRound (file:///C:/Users/tiago/Desktop/Mundo-das-Palavras/lib/widgets/conquest_manager.dart:71:24)[0m
[38;5;12mÔöé #1   main.<anonymous closure>.<anonymous closure> (file:///C:/Users/tiago/Desktop/Mundo-das-Palavras/test/unit/logic/conquer_manager_test.dart:78:15)[0m
[38;5;12mÔö£ÔöäÔöäÔöäÔöäÔöäÔöäÔöäÔöäÔöäÔöäÔöäÔöäÔöäÔöäÔöäÔöäÔöäÔöäÔöäÔöäÔöäÔöäÔöäÔöäÔöäÔöäÔöäÔöäÔöäÔöäÔöäÔöäÔöäÔöäÔöäÔöäÔöäÔöäÔöäÔöäÔöäÔöäÔöäÔöäÔöäÔöäÔöäÔöäÔöäÔöäÔöäÔöäÔöäÔöäÔöäÔöäÔöäÔöäÔöäÔöäÔöäÔöäÔöäÔöäÔöäÔöäÔöäÔöäÔöäÔöäÔöäÔöäÔöäÔöäÔöäÔöäÔöäÔöäÔöäÔöäÔöäÔöäÔöäÔöäÔöäÔöäÔöäÔöäÔöäÔöäÔöäÔöäÔöäÔöäÔöäÔöäÔöäÔöäÔöäÔöäÔöäÔöäÔöäÔöäÔöäÔöäÔöäÔöäÔöäÔöäÔöäÔöäÔöäÔöäÔöäÔöäÔöäÔöäÔöä[0m
[38;5;12mÔöé ­ƒÆí ­ƒôè Sess├úo: 1┬¬Tentativas=0; outrasTentativas=2 | streakFirstTry=0; persistenceCount=2[0m
[38;5;12mÔööÔöÇÔöÇÔöÇÔöÇÔöÇÔöÇÔöÇÔöÇÔöÇÔöÇÔöÇÔöÇÔöÇÔöÇÔöÇÔöÇÔöÇÔöÇÔöÇÔöÇÔöÇÔöÇÔöÇÔöÇÔöÇÔöÇÔöÇÔöÇÔöÇÔöÇÔöÇÔöÇÔöÇÔöÇÔöÇÔöÇÔöÇÔöÇÔöÇÔöÇÔöÇÔöÇÔöÇÔöÇÔöÇÔöÇÔöÇÔöÇÔöÇÔöÇÔöÇÔöÇÔöÇÔöÇÔöÇÔöÇÔöÇÔöÇÔöÇÔöÇÔöÇÔöÇÔöÇÔöÇÔöÇÔöÇÔöÇÔöÇÔöÇÔöÇÔöÇÔöÇÔöÇÔöÇÔöÇÔöÇÔöÇÔöÇÔöÇÔöÇÔöÇÔöÇÔöÇÔöÇÔöÇÔöÇÔöÇÔöÇÔöÇÔöÇÔöÇÔöÇÔöÇÔöÇÔöÇÔöÇÔöÇÔöÇÔöÇÔöÇÔöÇÔöÇÔöÇÔöÇÔöÇÔöÇÔöÇÔöÇÔöÇÔöÇÔöÇÔöÇÔöÇÔöÇÔöÇÔöÇÔöÇÔöÇÔöÇ[0m
[38;5;12mÔöîÔöÇÔöÇÔöÇÔöÇÔöÇÔöÇÔöÇÔöÇÔöÇÔöÇÔöÇÔöÇÔöÇÔöÇÔöÇÔöÇÔöÇÔöÇÔöÇÔöÇÔöÇÔöÇÔöÇÔöÇÔöÇÔöÇÔöÇÔöÇÔöÇÔöÇÔöÇÔöÇÔöÇÔöÇÔöÇÔöÇÔöÇÔöÇÔöÇÔöÇÔöÇÔöÇÔöÇÔöÇÔöÇÔöÇÔöÇÔöÇÔöÇÔöÇÔöÇÔöÇÔöÇÔöÇÔöÇÔöÇÔöÇÔöÇÔöÇÔöÇÔöÇÔöÇÔöÇÔöÇÔöÇÔöÇÔöÇÔöÇÔöÇÔöÇÔöÇÔöÇÔöÇÔöÇÔöÇÔöÇÔöÇÔöÇÔöÇÔöÇÔöÇÔöÇÔöÇÔöÇÔöÇÔöÇÔöÇÔöÇÔöÇÔöÇÔöÇÔöÇÔöÇÔöÇÔöÇÔöÇÔöÇÔöÇÔöÇÔöÇÔöÇÔöÇÔöÇÔöÇÔöÇÔöÇÔöÇÔöÇÔöÇÔöÇÔöÇÔöÇÔöÇÔöÇÔöÇÔöÇÔöÇÔöÇÔöÇ[0m
[38;5;12mÔöé #0   ConquestManager.registerRound (file:///C:/Users/tiago/Desktop/Mundo-das-Palavras/lib/widgets/conquest_manager.dart:71:24)[0m
[38;5;12mÔöé #1   main.<anonymous closure>.<anonymous closure> (file:///C:/Users/tiago/Desktop/Mundo-das-Palavras/test/unit/logic/conquer_manager_test.dart:81:15)[0m
[38;5;12mÔö£ÔöäÔöäÔöäÔöäÔöäÔöäÔöäÔöäÔöäÔöäÔöäÔöäÔöäÔöäÔöäÔöäÔöäÔöäÔöäÔöäÔöäÔöäÔöäÔöäÔöäÔöäÔöäÔöäÔöäÔöäÔöäÔöäÔöäÔöäÔöäÔöäÔöäÔöäÔöäÔöäÔöäÔöäÔöäÔöäÔöäÔöäÔöäÔöäÔöäÔöäÔöäÔöäÔöäÔöäÔöäÔöäÔöäÔöäÔöäÔöäÔöäÔöäÔöäÔöäÔöäÔöäÔöäÔöäÔöäÔöäÔöäÔöäÔöäÔöäÔöäÔöäÔöäÔöäÔöäÔöäÔöäÔöäÔöäÔöäÔöäÔöäÔöäÔöäÔöäÔöäÔöäÔöäÔöäÔöäÔöäÔöäÔöäÔöäÔöäÔöäÔöäÔöäÔöäÔöäÔöäÔöäÔöäÔöäÔöäÔöäÔöäÔöäÔöäÔöäÔöäÔöäÔöäÔöäÔöä[0m
[38;5;12mÔöé ­ƒÆí ­ƒôè Sess├úo: 1┬¬Tentativas=1; outrasTentativas=2 | streakFirstTry=1; persistenceCount=2[0m
[38;5;12mÔööÔöÇÔöÇÔöÇÔöÇÔöÇÔöÇÔöÇÔöÇÔöÇÔöÇÔöÇÔöÇÔöÇÔöÇÔöÇÔöÇÔöÇÔöÇÔöÇÔöÇÔöÇÔöÇÔöÇÔöÇÔöÇÔöÇÔöÇÔöÇÔöÇÔöÇÔöÇÔöÇÔöÇÔöÇÔöÇÔöÇÔöÇÔöÇÔöÇÔöÇÔöÇÔöÇÔöÇÔöÇÔöÇÔöÇÔöÇÔöÇÔöÇÔöÇÔöÇÔöÇÔöÇÔöÇÔöÇÔöÇÔöÇÔöÇÔöÇÔöÇÔöÇÔöÇÔöÇÔöÇÔöÇÔöÇÔöÇÔöÇÔöÇÔöÇÔöÇÔöÇÔöÇÔöÇÔöÇÔöÇÔöÇÔöÇÔöÇÔöÇÔöÇÔöÇÔöÇÔöÇÔöÇÔöÇÔöÇÔöÇÔöÇÔöÇÔöÇÔöÇÔöÇÔöÇÔöÇÔöÇÔöÇÔöÇÔöÇÔöÇÔöÇÔöÇÔöÇÔöÇÔöÇÔöÇÔöÇÔöÇÔöÇÔöÇÔöÇÔöÇÔöÇÔöÇÔöÇÔöÇÔöÇÔöÇÔöÇ[0m
00:00 +11 -5: C:/Users/tiago/Desktop/Mundo-das-Palavras/test/unit/logic/level_manager_test.dart: LevelManager Deve iniciar com o nivel do utilizador
00:00 +12 -5: C:/Users/tiago/Desktop/Mundo-das-Palavras/test/unit/logic/level_manager_test.dart: LevelManager Deve subir um nivel se tiver 80% ou superior de taxa de acerto, apos uma ronda de 8 respostas corretas
00:00 +13 -5: C:/Users/tiago/Desktop/Mundo-das-Palavras/test/unit/logic/level_manager_test.dart: LevelManager Nao deve ultrapassar o nivel maximo
00:00 +14 -5: C:/Users/tiago/Desktop/Mundo-das-Palavras/test/unit/logic/level_manager_test.dart: LevelManager Deve descer um nivel se tiver taxa de acerto inferior a 50%, apos uma ronda com 4 respostas incorretas
00:00 +15 -5: C:/Users/tiago/Desktop/Mundo-das-Palavras/test/unit/logic/level_manager_test.dart: LevelManager Nao deve descer abaixo do nivel minimo
00:00 +16 -5: C:/Users/tiago/Desktop/Mundo-das-Palavras/test/unit/logic/level_manager_test.dart: LevelManager Deve calcular precisao corretamente
00:00 +17 -5: C:/Users/tiago/Desktop/Mundo-das-Palavras/test/unit/logic/level_manager_test.dart: LevelManager Reset do nivel, ao adicionar letras novas
00:00 +18 -5: C:/Users/tiago/Desktop/Mundo-das-Palavras/test/unit/logic/level_manager_test.dart: LevelManager Sincroniza nivel com utilizador
00:00 +19 -5: C:/Users/tiago/Desktop/Mundo-das-Palavras/test/unit/models/character_model_test.dart: CharacterModel Deve criar um caracter com os campos obrigatorios
00:00 +20 -5: C:/Users/tiago/Desktop/Mundo-das-Palavras/test/unit/models/user_model_test.dart: UserModel Deve criar um utilizador com os campos obrigatorios
00:01 +21 -5: C:/Users/tiago/Desktop/Mundo-das-Palavras/test/unit/models/word_model_test.dart: WordModel Deve criar uma palavra com todos os campos obrigatorios e opcionais
00:01 +22 -5: C:/Users/tiago/Desktop/Mundo-das-Palavras/test/unit/models/word_model_test.dart: WordModel Deve criar uma palavra sem campos opcionais
00:01 +23 -5: Some tests failed.
